Archive member included because of file (symbol)

e:/program/tools/eclipse/imt_sdk_win_64/winavr/bin/../lib/gcc/avr/4.3.3/avr5\libgcc.a(_mulsi3.o)
                              ./MCAL/Timer1/TIM1.o (__mulsi3)
e:/program/tools/eclipse/imt_sdk_win_64/winavr/bin/../lib/gcc/avr/4.3.3/avr5\libgcc.a(_udivmodhi4.o)
                              ./HAL/LCD/LCD.o (__udivmodhi4)
e:/program/tools/eclipse/imt_sdk_win_64/winavr/bin/../lib/gcc/avr/4.3.3/avr5\libgcc.a(_divmodhi4.o)
                              ./Application/App.o (__divmodhi4)
e:/program/tools/eclipse/imt_sdk_win_64/winavr/bin/../lib/gcc/avr/4.3.3/avr5\libgcc.a(_exit.o)
                              e:/program/tools/eclipse/imt_sdk_win_64/winavr/bin/../lib/gcc/avr/4.3.3/../../../../avr/lib/avr5/crtm16.o (exit)
e:/program/tools/eclipse/imt_sdk_win_64/winavr/bin/../lib/gcc/avr/4.3.3/avr5\libgcc.a(_copy_data.o)
                              ./HAL/SevenSegment/SEVENSEGMENT.o (__do_copy_data)
e:/program/tools/eclipse/imt_sdk_win_64/winavr/bin/../lib/gcc/avr/4.3.3/avr5\libgcc.a(_clear_bss.o)
                              ./MCAL/Timer2/Timer2.o (__do_clear_bss)
e:/program/tools/eclipse/imt_sdk_win_64/winavr/bin/../lib/gcc/avr/4.3.3/avr5\libgcc.a(_fixunssfsi.o)
                              ./HAL/Servo/Servo_program.o (__fixunssfsi)
e:/program/tools/eclipse/imt_sdk_win_64/winavr/bin/../lib/gcc/avr/4.3.3/avr5\libgcc.a(_addsub_sf.o)
                              e:/program/tools/eclipse/imt_sdk_win_64/winavr/bin/../lib/gcc/avr/4.3.3/avr5\libgcc.a(_fixunssfsi.o) (__subsf3)
e:/program/tools/eclipse/imt_sdk_win_64/winavr/bin/../lib/gcc/avr/4.3.3/avr5\libgcc.a(_mul_sf.o)
                              ./MCAL/Timer1/TIM1.o (__mulsf3)
e:/program/tools/eclipse/imt_sdk_win_64/winavr/bin/../lib/gcc/avr/4.3.3/avr5\libgcc.a(_div_sf.o)
                              ./MCAL/Timer1/TIM1.o (__divsf3)
e:/program/tools/eclipse/imt_sdk_win_64/winavr/bin/../lib/gcc/avr/4.3.3/avr5\libgcc.a(_gt_sf.o)
                              ./HAL/SWITCH/SWITCH_program.o (__gtsf2)
e:/program/tools/eclipse/imt_sdk_win_64/winavr/bin/../lib/gcc/avr/4.3.3/avr5\libgcc.a(_ge_sf.o)
                              e:/program/tools/eclipse/imt_sdk_win_64/winavr/bin/../lib/gcc/avr/4.3.3/avr5\libgcc.a(_fixunssfsi.o) (__gesf2)
e:/program/tools/eclipse/imt_sdk_win_64/winavr/bin/../lib/gcc/avr/4.3.3/avr5\libgcc.a(_lt_sf.o)
                              ./HAL/SWITCH/SWITCH_program.o (__ltsf2)
e:/program/tools/eclipse/imt_sdk_win_64/winavr/bin/../lib/gcc/avr/4.3.3/avr5\libgcc.a(_si_to_sf.o)
                              ./HAL/Servo/Servo_program.o (__floatsisf)
e:/program/tools/eclipse/imt_sdk_win_64/winavr/bin/../lib/gcc/avr/4.3.3/avr5\libgcc.a(_sf_to_si.o)
                              e:/program/tools/eclipse/imt_sdk_win_64/winavr/bin/../lib/gcc/avr/4.3.3/avr5\libgcc.a(_fixunssfsi.o) (__fixsfsi)
e:/program/tools/eclipse/imt_sdk_win_64/winavr/bin/../lib/gcc/avr/4.3.3/avr5\libgcc.a(_thenan_sf.o)
                              e:/program/tools/eclipse/imt_sdk_win_64/winavr/bin/../lib/gcc/avr/4.3.3/avr5\libgcc.a(_addsub_sf.o) (__thenan_sf)
e:/program/tools/eclipse/imt_sdk_win_64/winavr/bin/../lib/gcc/avr/4.3.3/avr5\libgcc.a(_usi_to_sf.o)
                              ./MCAL/Timer1/TIM1.o (__floatunsisf)
e:/program/tools/eclipse/imt_sdk_win_64/winavr/bin/../lib/gcc/avr/4.3.3/avr5\libgcc.a(_prologue.o)
                              e:/program/tools/eclipse/imt_sdk_win_64/winavr/bin/../lib/gcc/avr/4.3.3/avr5\libgcc.a(_addsub_sf.o) (__prologue_saves__)
e:/program/tools/eclipse/imt_sdk_win_64/winavr/bin/../lib/gcc/avr/4.3.3/avr5\libgcc.a(_epilogue.o)
                              e:/program/tools/eclipse/imt_sdk_win_64/winavr/bin/../lib/gcc/avr/4.3.3/avr5\libgcc.a(_addsub_sf.o) (__epilogue_restores__)
e:/program/tools/eclipse/imt_sdk_win_64/winavr/bin/../lib/gcc/avr/4.3.3/avr5\libgcc.a(_clzsi2.o)
                              e:/program/tools/eclipse/imt_sdk_win_64/winavr/bin/../lib/gcc/avr/4.3.3/avr5\libgcc.a(_si_to_sf.o) (__clzsi2)
e:/program/tools/eclipse/imt_sdk_win_64/winavr/bin/../lib/gcc/avr/4.3.3/avr5\libgcc.a(_pack_sf.o)
                              e:/program/tools/eclipse/imt_sdk_win_64/winavr/bin/../lib/gcc/avr/4.3.3/avr5\libgcc.a(_addsub_sf.o) (__pack_f)
e:/program/tools/eclipse/imt_sdk_win_64/winavr/bin/../lib/gcc/avr/4.3.3/avr5\libgcc.a(_unpack_sf.o)
                              e:/program/tools/eclipse/imt_sdk_win_64/winavr/bin/../lib/gcc/avr/4.3.3/avr5\libgcc.a(_addsub_sf.o) (__unpack_f)
e:/program/tools/eclipse/imt_sdk_win_64/winavr/bin/../lib/gcc/avr/4.3.3/avr5\libgcc.a(_fpcmp_parts_sf.o)
                              e:/program/tools/eclipse/imt_sdk_win_64/winavr/bin/../lib/gcc/avr/4.3.3/avr5\libgcc.a(_gt_sf.o) (__fpcmp_parts_f)
e:/program/tools/eclipse/imt_sdk_win_64/winavr/bin/../lib/gcc/avr/4.3.3/avr5\libgcc.a(_clz.o)
                              e:/program/tools/eclipse/imt_sdk_win_64/winavr/bin/../lib/gcc/avr/4.3.3/avr5\libgcc.a(_clzsi2.o) (__clz_tab)

Allocating common symbols
Common symbol       size              file

ADC_uint16ReadVal   0x2               ./MCAL/ADC/ADC.o
TIM2_pfCmpCallBack  0x2               ./MCAL/Timer2/Timer2.o
TIM0_pfOVFCallBack  0x2               ./MCAL/Timer0/Timer0.o
TIM1_pfCmpBCallBack
                    0x2               ./MCAL/Timer1/TIM1.o
TIM1_pfIcuCallBack  0x2               ./MCAL/Timer1/TIM1.o
TIM0_pfCmpCallBack  0x2               ./MCAL/Timer0/Timer0.o
TIM2_pfOVFCallBack  0x2               ./MCAL/Timer2/Timer2.o
TIM1_pfOvfCallBack  0x2               ./MCAL/Timer1/TIM1.o
TIM1_pfCmpACallBack
                    0x2               ./MCAL/Timer1/TIM1.o

Memory Configuration

Name             Origin             Length             Attributes
text             0x00000000         0x00020000         xr
data             0x00800060         0x0000ffa0         rw !x
eeprom           0x00810000         0x00010000         rw !x
fuse             0x00820000         0x00000400         rw !x
lock             0x00830000         0x00000400         rw !x
signature        0x00840000         0x00000400         rw !x
*default*        0x00000000         0xffffffff

Linker script and memory map

LOAD e:/program/tools/eclipse/imt_sdk_win_64/winavr/bin/../lib/gcc/avr/4.3.3/../../../../avr/lib/avr5/crtm16.o
LOAD ./MCAL/UART/USART_program.o
LOAD ./MCAL/Timer2/Timer2.o
LOAD ./MCAL/Timer1/TIM1.o
LOAD ./MCAL/Timer0/Timer0.o
LOAD ./MCAL/SPI/SPI_program.o
LOAD ./MCAL/I2C/I2C.o
LOAD ./MCAL/GIE/GIE.o
LOAD ./MCAL/EXTI/EXTINT.o
LOAD ./MCAL/DIO/DIO_Program.o
LOAD ./MCAL/ADC/ADC.o
LOAD ./HAL/SevenSegment/SEVENSEGMENT.o
LOAD ./HAL/SevenSegment/SEVENSEGMENT_cfg.o
LOAD ./HAL/Servo/Servo_program.o
LOAD ./HAL/SWITCH/SWITCH_config.o
LOAD ./HAL/SWITCH/SWITCH_program.o
LOAD ./HAL/LM35/LM35.o
LOAD ./HAL/LCD/LCD.o
LOAD ./HAL/LCD/LCD_cfg.o
LOAD ./HAL/KeyPad/KYEPAD.o
LOAD ./HAL/EEPROM/EEPROM.o
LOAD ./HAL/DC_Motor/DC_Motor.o
LOAD ./Application/App.o
LOAD ./main.o
LOAD e:/program/tools/eclipse/imt_sdk_win_64/winavr/bin/../lib/gcc/avr/4.3.3/avr5\libgcc.a
LOAD e:/program/tools/eclipse/imt_sdk_win_64/winavr/bin/../lib/gcc/avr/4.3.3/../../../../avr/lib/avr5\libc.a
LOAD e:/program/tools/eclipse/imt_sdk_win_64/winavr/bin/../lib/gcc/avr/4.3.3/avr5\libgcc.a

.hash
 *(.hash)

.dynsym
 *(.dynsym)

.dynstr
 *(.dynstr)

.gnu.version
 *(.gnu.version)

.gnu.version_d
 *(.gnu.version_d)

.gnu.version_r
 *(.gnu.version_r)

.rel.init
 *(.rel.init)

.rela.init
 *(.rela.init)

.rel.text
 *(.rel.text)
 *(.rel.text.*)
 *(.rel.gnu.linkonce.t*)

.rela.text
 *(.rela.text)
 *(.rela.text.*)
 *(.rela.gnu.linkonce.t*)

.rel.fini
 *(.rel.fini)

.rela.fini
 *(.rela.fini)

.rel.rodata
 *(.rel.rodata)
 *(.rel.rodata.*)
 *(.rel.gnu.linkonce.r*)

.rela.rodata
 *(.rela.rodata)
 *(.rela.rodata.*)
 *(.rela.gnu.linkonce.r*)

.rel.data
 *(.rel.data)
 *(.rel.data.*)
 *(.rel.gnu.linkonce.d*)

.rela.data
 *(.rela.data)
 *(.rela.data.*)
 *(.rela.gnu.linkonce.d*)

.rel.ctors
 *(.rel.ctors)

.rela.ctors
 *(.rela.ctors)

.rel.dtors
 *(.rel.dtors)

.rela.dtors
 *(.rela.dtors)

.rel.got
 *(.rel.got)

.rela.got
 *(.rela.got)

.rel.bss
 *(.rel.bss)

.rela.bss
 *(.rela.bss)

.rel.plt
 *(.rel.plt)

.rela.plt
 *(.rela.plt)

.text           0x00000000     0x6054
 *(.vectors)
 .vectors       0x00000000       0x54 e:/program/tools/eclipse/imt_sdk_win_64/winavr/bin/../lib/gcc/avr/4.3.3/../../../../avr/lib/avr5/crtm16.o
                0x00000000                __vectors
                0x00000000                __vector_default
 *(.vectors)
 *(.progmem.gcc*)
 *(.progmem*)
                0x00000054                . = ALIGN (0x2)
                0x00000054                __trampolines_start = .
 *(.trampolines)
 .trampolines   0x00000054        0x0 linker stubs
 *(.trampolines*)
                0x00000054                __trampolines_end = .
 *(.jumptables)
 *(.jumptables*)
 *(.lowtext)
 *(.lowtext*)
                0x00000054                __ctors_start = .
 *(.ctors)
                0x00000054                __ctors_end = .
                0x00000054                __dtors_start = .
 *(.dtors)
                0x00000054                __dtors_end = .
 SORT(*)(.ctors)
 SORT(*)(.dtors)
 *(.init0)
 .init0         0x00000054        0x0 e:/program/tools/eclipse/imt_sdk_win_64/winavr/bin/../lib/gcc/avr/4.3.3/../../../../avr/lib/avr5/crtm16.o
                0x00000054                __init
 *(.init0)
 *(.init1)
 *(.init1)
 *(.init2)
 .init2         0x00000054        0xc e:/program/tools/eclipse/imt_sdk_win_64/winavr/bin/../lib/gcc/avr/4.3.3/../../../../avr/lib/avr5/crtm16.o
 *(.init2)
 *(.init3)
 *(.init3)
 *(.init4)
 .init4         0x00000060       0x16 e:/program/tools/eclipse/imt_sdk_win_64/winavr/bin/../lib/gcc/avr/4.3.3/avr5\libgcc.a(_copy_data.o)
                0x00000060                __do_copy_data
 .init4         0x00000076       0x10 e:/program/tools/eclipse/imt_sdk_win_64/winavr/bin/../lib/gcc/avr/4.3.3/avr5\libgcc.a(_clear_bss.o)
                0x00000076                __do_clear_bss
 *(.init4)
 *(.init5)
 *(.init5)
 *(.init6)
 *(.init6)
 *(.init7)
 *(.init7)
 *(.init8)
 *(.init8)
 *(.init9)
 .init9         0x00000086        0x8 e:/program/tools/eclipse/imt_sdk_win_64/winavr/bin/../lib/gcc/avr/4.3.3/../../../../avr/lib/avr5/crtm16.o
 *(.init9)
 *(.text)
 .text          0x0000008e        0x4 e:/program/tools/eclipse/imt_sdk_win_64/winavr/bin/../lib/gcc/avr/4.3.3/../../../../avr/lib/avr5/crtm16.o
                0x0000008e                __vector_12
                0x0000008e                __bad_interrupt
                0x0000008e                __vector_13
                0x0000008e                __vector_17
                0x0000008e                __vector_19
                0x0000008e                __vector_15
                0x0000008e                __vector_14
                0x0000008e                __vector_18
                0x0000008e                __vector_20
 .text          0x00000092        0x0 ./MCAL/UART/USART_program.o
 .text          0x00000092        0x0 ./MCAL/Timer2/Timer2.o
 .text          0x00000092        0x0 ./MCAL/Timer1/TIM1.o
 .text          0x00000092        0x0 ./MCAL/Timer0/Timer0.o
 .text          0x00000092        0x0 ./MCAL/SPI/SPI_program.o
 .text          0x00000092        0x0 ./MCAL/I2C/I2C.o
 .text          0x00000092        0x0 ./MCAL/GIE/GIE.o
 .text          0x00000092        0x0 ./MCAL/EXTI/EXTINT.o
 .text          0x00000092        0x0 ./MCAL/DIO/DIO_Program.o
 .text          0x00000092        0x0 ./MCAL/ADC/ADC.o
 .text          0x00000092        0x0 ./HAL/SevenSegment/SEVENSEGMENT.o
 .text          0x00000092        0x0 ./HAL/SevenSegment/SEVENSEGMENT_cfg.o
 .text          0x00000092        0x0 ./HAL/Servo/Servo_program.o
 .text          0x00000092        0x0 ./HAL/SWITCH/SWITCH_config.o
 .text          0x00000092        0x0 ./HAL/SWITCH/SWITCH_program.o
 .text          0x00000092        0x0 ./HAL/LM35/LM35.o
 .text          0x00000092        0x0 ./HAL/LCD/LCD.o
 .text          0x00000092        0x0 ./HAL/LCD/LCD_cfg.o
 .text          0x00000092        0x0 ./HAL/KeyPad/KYEPAD.o
 .text          0x00000092        0x0 ./HAL/EEPROM/EEPROM.o
 .text          0x00000092        0x0 ./HAL/DC_Motor/DC_Motor.o
 .text          0x00000092        0x0 ./Application/App.o
 .text          0x00000092        0x0 ./main.o
 .text          0x00000092        0x0 e:/program/tools/eclipse/imt_sdk_win_64/winavr/bin/../lib/gcc/avr/4.3.3/avr5\libgcc.a(_mulsi3.o)
 .text          0x00000092        0x0 e:/program/tools/eclipse/imt_sdk_win_64/winavr/bin/../lib/gcc/avr/4.3.3/avr5\libgcc.a(_udivmodhi4.o)
 .text          0x00000092        0x0 e:/program/tools/eclipse/imt_sdk_win_64/winavr/bin/../lib/gcc/avr/4.3.3/avr5\libgcc.a(_divmodhi4.o)
 .text          0x00000092        0x0 e:/program/tools/eclipse/imt_sdk_win_64/winavr/bin/../lib/gcc/avr/4.3.3/avr5\libgcc.a(_exit.o)
 .text          0x00000092        0x0 e:/program/tools/eclipse/imt_sdk_win_64/winavr/bin/../lib/gcc/avr/4.3.3/avr5\libgcc.a(_copy_data.o)
 .text          0x00000092        0x0 e:/program/tools/eclipse/imt_sdk_win_64/winavr/bin/../lib/gcc/avr/4.3.3/avr5\libgcc.a(_clear_bss.o)
 .text          0x00000092       0x58 e:/program/tools/eclipse/imt_sdk_win_64/winavr/bin/../lib/gcc/avr/4.3.3/avr5\libgcc.a(_fixunssfsi.o)
                0x00000092                __fixunssfsi
 .text          0x000000ea      0x354 e:/program/tools/eclipse/imt_sdk_win_64/winavr/bin/../lib/gcc/avr/4.3.3/avr5\libgcc.a(_addsub_sf.o)
                0x00000382                __subsf3
                0x000003e4                __addsf3
 .text          0x0000043e      0x1f4 e:/program/tools/eclipse/imt_sdk_win_64/winavr/bin/../lib/gcc/avr/4.3.3/avr5\libgcc.a(_mul_sf.o)
                0x0000043e                __mulsf3
 .text          0x00000632      0x158 e:/program/tools/eclipse/imt_sdk_win_64/winavr/bin/../lib/gcc/avr/4.3.3/avr5\libgcc.a(_div_sf.o)
                0x00000632                __divsf3
 .text          0x0000078a       0x60 e:/program/tools/eclipse/imt_sdk_win_64/winavr/bin/../lib/gcc/avr/4.3.3/avr5\libgcc.a(_gt_sf.o)
                0x0000078a                __gtsf2
 .text          0x000007ea       0x60 e:/program/tools/eclipse/imt_sdk_win_64/winavr/bin/../lib/gcc/avr/4.3.3/avr5\libgcc.a(_ge_sf.o)
                0x000007ea                __gesf2
 .text          0x0000084a       0x60 e:/program/tools/eclipse/imt_sdk_win_64/winavr/bin/../lib/gcc/avr/4.3.3/avr5\libgcc.a(_lt_sf.o)
                0x0000084a                __ltsf2
 .text          0x000008aa       0xbc e:/program/tools/eclipse/imt_sdk_win_64/winavr/bin/../lib/gcc/avr/4.3.3/avr5\libgcc.a(_si_to_sf.o)
                0x000008aa                __floatsisf
 .text          0x00000966       0xa8 e:/program/tools/eclipse/imt_sdk_win_64/winavr/bin/../lib/gcc/avr/4.3.3/avr5\libgcc.a(_sf_to_si.o)
                0x00000966                __fixsfsi
 .text          0x00000a0e        0x0 e:/program/tools/eclipse/imt_sdk_win_64/winavr/bin/../lib/gcc/avr/4.3.3/avr5\libgcc.a(_thenan_sf.o)
 .text          0x00000a0e       0xf2 e:/program/tools/eclipse/imt_sdk_win_64/winavr/bin/../lib/gcc/avr/4.3.3/avr5\libgcc.a(_usi_to_sf.o)
                0x00000a0e                __floatunsisf
 .text          0x00000b00        0x0 e:/program/tools/eclipse/imt_sdk_win_64/winavr/bin/../lib/gcc/avr/4.3.3/avr5\libgcc.a(_prologue.o)
 .text          0x00000b00        0x0 e:/program/tools/eclipse/imt_sdk_win_64/winavr/bin/../lib/gcc/avr/4.3.3/avr5\libgcc.a(_epilogue.o)
 .text          0x00000b00       0x9e e:/program/tools/eclipse/imt_sdk_win_64/winavr/bin/../lib/gcc/avr/4.3.3/avr5\libgcc.a(_clzsi2.o)
                0x00000b00                __clzsi2
 .text          0x00000b9e      0x1aa e:/program/tools/eclipse/imt_sdk_win_64/winavr/bin/../lib/gcc/avr/4.3.3/avr5\libgcc.a(_pack_sf.o)
                0x00000b9e                __pack_f
 .text          0x00000d48       0xf0 e:/program/tools/eclipse/imt_sdk_win_64/winavr/bin/../lib/gcc/avr/4.3.3/avr5\libgcc.a(_unpack_sf.o)
                0x00000d48                __unpack_f
 .text          0x00000e38       0xb2 e:/program/tools/eclipse/imt_sdk_win_64/winavr/bin/../lib/gcc/avr/4.3.3/avr5\libgcc.a(_fpcmp_parts_sf.o)
                0x00000e38                __fpcmp_parts_f
 .text          0x00000eea        0x0 e:/program/tools/eclipse/imt_sdk_win_64/winavr/bin/../lib/gcc/avr/4.3.3/avr5\libgcc.a(_clz.o)
                0x00000eea                . = ALIGN (0x2)
 *(.text.*)
 .text.UART_voidInit
                0x00000eea       0x6a ./MCAL/UART/USART_program.o
                0x00000eea                UART_voidInit
 .text.UART_voidSend
                0x00000f54       0x38 ./MCAL/UART/USART_program.o
                0x00000f54                UART_voidSend
 .text.UART_enuRecieve
                0x00000f8c       0x5a ./MCAL/UART/USART_program.o
                0x00000f8c                UART_enuRecieve
 .text.UART_voidEnableIntRXComp
                0x00000fe6        0xe ./MCAL/UART/USART_program.o
                0x00000fe6                UART_voidEnableIntRXComp
 .text.UART_voidDisableIntRXComp
                0x00000ff4        0xe ./MCAL/UART/USART_program.o
                0x00000ff4                UART_voidDisableIntRXComp
 .text.UART_voidEnableIntTXComp
                0x00001002        0xe ./MCAL/UART/USART_program.o
                0x00001002                UART_voidEnableIntTXComp
 .text.UART_voidDisableIntTXComp
                0x00001010        0xe ./MCAL/UART/USART_program.o
                0x00001010                UART_voidDisableIntTXComp
 .text.UART_voidEnableIntTXEmpty
                0x0000101e        0xe ./MCAL/UART/USART_program.o
                0x0000101e                UART_voidEnableIntTXEmpty
 .text.UART_voidDisableIntTXEmpty
                0x0000102c        0xe ./MCAL/UART/USART_program.o
                0x0000102c                UART_voidDisableIntTXEmpty
 .text.TIM2_voidInit
                0x0000103a       0x46 ./MCAL/Timer2/Timer2.o
                0x0000103a                TIM2_voidInit
 .text.TIM2_ExtClkEnable
                0x00001080       0x1c ./MCAL/Timer2/Timer2.o
                0x00001080                TIM2_ExtClkEnable
 .text.TIM2_ExtClkDisable
                0x0000109c       0x1c ./MCAL/Timer2/Timer2.o
                0x0000109c                TIM2_ExtClkDisable
 .text.TIM2_voidEnable
                0x000010b8       0x36 ./MCAL/Timer2/Timer2.o
                0x000010b8                TIM2_voidEnable
 .text.TIM2_voidDisable
                0x000010ee       0x1c ./MCAL/Timer2/Timer2.o
                0x000010ee                TIM2_voidDisable
 .text.TIM2_voidEnableOvfINt
                0x0000110a       0x1c ./MCAL/Timer2/Timer2.o
                0x0000110a                TIM2_voidEnableOvfINt
 .text.TIM2_voidDisableOvfINt
                0x00001126       0x1c ./MCAL/Timer2/Timer2.o
                0x00001126                TIM2_voidDisableOvfINt
 .text.TIM2_voidEnableComparINt
                0x00001142       0x1c ./MCAL/Timer2/Timer2.o
                0x00001142                TIM2_voidEnableComparINt
 .text.TIM2_voidDisableCompareINt
                0x0000115e       0x1c ./MCAL/Timer2/Timer2.o
                0x0000115e                TIM2_voidDisableCompareINt
 .text.TIM2_voidSetCallBackOvfInt
                0x0000117a       0x24 ./MCAL/Timer2/Timer2.o
                0x0000117a                TIM2_voidSetCallBackOvfInt
 .text.TIM2_voidSetCallBackCompareInt
                0x0000119e       0x24 ./MCAL/Timer2/Timer2.o
                0x0000119e                TIM2_voidSetCallBackCompareInt
 .text.TIM2_voidSetTCNTValue
                0x000011c2       0x1c ./MCAL/Timer2/Timer2.o
                0x000011c2                TIM2_voidSetTCNTValue
 .text.TIM2_voidSetOCRValue
                0x000011de       0x1c ./MCAL/Timer2/Timer2.o
                0x000011de                TIM2_voidSetOCRValue
 .text.TIM2_u8ReadTcntReg
                0x000011fa       0x14 ./MCAL/Timer2/Timer2.o
                0x000011fa                TIM2_u8ReadTcntReg
 .text.TIM2_voidChangMode
                0x0000120e       0x14 ./MCAL/Timer2/Timer2.o
                0x0000120e                TIM2_voidChangMode
 .text.__vector_5
                0x00001222       0x5a ./MCAL/Timer2/Timer2.o
                0x00001222                __vector_5
 .text.__vector_4
                0x0000127c       0x5a ./MCAL/Timer2/Timer2.o
                0x0000127c                __vector_4
 .text.TIM1_voidInit
                0x000012d6      0x12c ./MCAL/Timer1/TIM1.o
                0x000012d6                TIM1_voidInit
 .text.TIM1_voidEnable
                0x00001402       0x36 ./MCAL/Timer1/TIM1.o
                0x00001402                TIM1_voidEnable
 .text.TIM1_voidDisable
                0x00001438       0x1c ./MCAL/Timer1/TIM1.o
                0x00001438                TIM1_voidDisable
 .text.TIM1_voidEnableOvfInt
                0x00001454       0x1c ./MCAL/Timer1/TIM1.o
                0x00001454                TIM1_voidEnableOvfInt
 .text.TIM1_voidDisableOvfInt
                0x00001470       0x1c ./MCAL/Timer1/TIM1.o
                0x00001470                TIM1_voidDisableOvfInt
 .text.TIM1_voidEnableCmpAInt
                0x0000148c       0x1c ./MCAL/Timer1/TIM1.o
                0x0000148c                TIM1_voidEnableCmpAInt
 .text.TIM1_voidDisableCmpAInt
                0x000014a8       0x1c ./MCAL/Timer1/TIM1.o
                0x000014a8                TIM1_voidDisableCmpAInt
 .text.TIM1_voidEnableCmpBInt
                0x000014c4       0x1c ./MCAL/Timer1/TIM1.o
                0x000014c4                TIM1_voidEnableCmpBInt
 .text.TIM1_voidDisableCmpBInt
                0x000014e0       0x1c ./MCAL/Timer1/TIM1.o
                0x000014e0                TIM1_voidDisableCmpBInt
 .text.TIM1_voidEnableIcuInt
                0x000014fc       0x1c ./MCAL/Timer1/TIM1.o
                0x000014fc                TIM1_voidEnableIcuInt
 .text.TIM1_voidDisableIcuInt
                0x00001518       0x1c ./MCAL/Timer1/TIM1.o
                0x00001518                TIM1_voidDisableIcuInt
 .text.TIM1_voidSetCallbackOvfInt
                0x00001534       0x24 ./MCAL/Timer1/TIM1.o
                0x00001534                TIM1_voidSetCallbackOvfInt
 .text.TIM1_voidSetCallbackCompAInt
                0x00001558       0x24 ./MCAL/Timer1/TIM1.o
                0x00001558                TIM1_voidSetCallbackCompAInt
 .text.TIM1_voidSetCallbackCompBInt
                0x0000157c       0x24 ./MCAL/Timer1/TIM1.o
                0x0000157c                TIM1_voidSetCallbackCompBInt
 .text.TIM1_voidSetCallbackIcuInt
                0x000015a0       0x24 ./MCAL/Timer1/TIM1.o
                0x000015a0                TIM1_voidSetCallbackIcuInt
 .text.TIM1_voidSetTimerValue
                0x000015c4       0x2e ./MCAL/Timer1/TIM1.o
                0x000015c4                TIM1_voidSetTimerValue
 .text.TIM1_voidSetCmpARegValue
                0x000015f2       0x2e ./MCAL/Timer1/TIM1.o
                0x000015f2                TIM1_voidSetCmpARegValue
 .text.TIM1_voidSetCmpBRegValue
                0x00001620       0x2e ./MCAL/Timer1/TIM1.o
                0x00001620                TIM1_voidSetCmpBRegValue
 .text.TIM1_voidSetIcuRegValue
                0x0000164e       0x24 ./MCAL/Timer1/TIM1.o
                0x0000164e                TIM1_voidSetIcuRegValue
 .text.TIM1_u8ReadTimerValue
                0x00001672       0x48 ./MCAL/Timer1/TIM1.o
                0x00001672                TIM1_u8ReadTimerValue
 .text.__vector_9
                0x000016ba       0x5a ./MCAL/Timer1/TIM1.o
                0x000016ba                __vector_9
 .text.__vector_7
                0x00001714       0x5a ./MCAL/Timer1/TIM1.o
                0x00001714                __vector_7
 .text.__vector_8
                0x0000176e       0x5a ./MCAL/Timer1/TIM1.o
                0x0000176e                __vector_8
 .text.__vector_6
                0x000017c8       0x5a ./MCAL/Timer1/TIM1.o
                0x000017c8                __vector_6
 .text.TIM1_u16GetIcuValue
                0x00001822       0x16 ./MCAL/Timer1/TIM1.o
                0x00001822                TIM1_u16GetIcuValue
 .text.ICU_voidRisingEdge
                0x00001838       0x1c ./MCAL/Timer1/TIM1.o
                0x00001838                ICU_voidRisingEdge
 .text.ICU_voidFallenEdge
                0x00001854       0x1c ./MCAL/Timer1/TIM1.o
                0x00001854                ICU_voidFallenEdge
 .text.ICU_vidPWMDuty
                0x00001870      0x252 ./MCAL/Timer1/TIM1.o
                0x00001870                ICU_vidPWMDuty
 .text.TIM0_voidInit
                0x00001ac2       0x46 ./MCAL/Timer0/Timer0.o
                0x00001ac2                TIM0_voidInit
 .text.TIM0_voidEnable
                0x00001b08       0x36 ./MCAL/Timer0/Timer0.o
                0x00001b08                TIM0_voidEnable
 .text.TIM0_voidDisable
                0x00001b3e       0x1c ./MCAL/Timer0/Timer0.o
                0x00001b3e                TIM0_voidDisable
 .text.TIM0_voidEnableOvfINt
                0x00001b5a       0x1c ./MCAL/Timer0/Timer0.o
                0x00001b5a                TIM0_voidEnableOvfINt
 .text.TIM0_voidDisableOvfINt
                0x00001b76       0x1c ./MCAL/Timer0/Timer0.o
                0x00001b76                TIM0_voidDisableOvfINt
 .text.TIM0_voidEnableComparINt
                0x00001b92       0x1c ./MCAL/Timer0/Timer0.o
                0x00001b92                TIM0_voidEnableComparINt
 .text.TIM0_voidDisableCompareINt
                0x00001bae       0x1c ./MCAL/Timer0/Timer0.o
                0x00001bae                TIM0_voidDisableCompareINt
 .text.TIM0_voidSetCallBackOvfInt
                0x00001bca       0x24 ./MCAL/Timer0/Timer0.o
                0x00001bca                TIM0_voidSetCallBackOvfInt
 .text.TIM0_voidSetCallBackCompareInt
                0x00001bee       0x24 ./MCAL/Timer0/Timer0.o
                0x00001bee                TIM0_voidSetCallBackCompareInt
 .text.TIM0_voidSetTCNTValue
                0x00001c12       0x1c ./MCAL/Timer0/Timer0.o
                0x00001c12                TIM0_voidSetTCNTValue
 .text.TIM0_voidSetOCRValue
                0x00001c2e       0x1c ./MCAL/Timer0/Timer0.o
                0x00001c2e                TIM0_voidSetOCRValue
 .text.TIM0_u8ReadTcntReg
                0x00001c4a       0x14 ./MCAL/Timer0/Timer0.o
                0x00001c4a                TIM0_u8ReadTcntReg
 .text.TIM0_voidChangMode
                0x00001c5e       0x14 ./MCAL/Timer0/Timer0.o
                0x00001c5e                TIM0_voidChangMode
 .text.__vector_11
                0x00001c72       0x5a ./MCAL/Timer0/Timer0.o
                0x00001c72                __vector_11
 .text.__vector_10
                0x00001ccc       0x5a ./MCAL/Timer0/Timer0.o
                0x00001ccc                __vector_10
 .text.I2C_voidInit
                0x00001d26       0x3e ./MCAL/I2C/I2C.o
                0x00001d26                I2C_voidInit
 .text.I2C_voidStart
                0x00001d64       0x20 ./MCAL/I2C/I2C.o
                0x00001d64                I2C_voidStart
 .text.I2C_u8GetStatus
                0x00001d84       0x16 ./MCAL/I2C/I2C.o
                0x00001d84                I2C_u8GetStatus
 .text.I2C_voidWrite
                0x00001d9a       0x2e ./MCAL/I2C/I2C.o
                0x00001d9a                I2C_voidWrite
 .text.I2C_voidStop
                0x00001dc8       0x16 ./MCAL/I2C/I2C.o
                0x00001dc8                I2C_voidStop
 .text.I2C_u8ReadWithoutAck
                0x00001dde       0x26 ./MCAL/I2C/I2C.o
                0x00001dde                I2C_u8ReadWithoutAck
 .text.I2C_u8ReadWithAck
                0x00001e04       0x26 ./MCAL/I2C/I2C.o
                0x00001e04                I2C_u8ReadWithAck
 .text.GIE_voidEnable
                0x00001e2a       0x1c ./MCAL/GIE/GIE.o
                0x00001e2a                GIE_voidEnable
 .text.GIE_voidDisable
                0x00001e46       0x1c ./MCAL/GIE/GIE.o
                0x00001e46                GIE_voidDisable
 .text.EXTINT0_voidEnable
                0x00001e62       0x1c ./MCAL/EXTI/EXTINT.o
                0x00001e62                EXTINT0_voidEnable
 .text.EXTINT0_voidDisable
                0x00001e7e       0x1c ./MCAL/EXTI/EXTINT.o
                0x00001e7e                EXTINT0_voidDisable
 .text.EXTINT0_voidInit
                0x00001e9a       0x2a ./MCAL/EXTI/EXTINT.o
                0x00001e9a                EXTINT0_voidInit
 .text.EXTINT0_voidChangeSense
                0x00001ec4       0xec ./MCAL/EXTI/EXTINT.o
                0x00001ec4                EXTINT0_voidChangeSense
 .text.EXTINT0_voidSEtCallBack
                0x00001fb0       0x24 ./MCAL/EXTI/EXTINT.o
                0x00001fb0                EXTINT0_voidSEtCallBack
 .text.EXTINT1_voidEnable
                0x00001fd4       0x1c ./MCAL/EXTI/EXTINT.o
                0x00001fd4                EXTINT1_voidEnable
 .text.EXTINT1_voidDisable
                0x00001ff0       0x1c ./MCAL/EXTI/EXTINT.o
                0x00001ff0                EXTINT1_voidDisable
 .text.EXTINT1_voidInit
                0x0000200c       0x2a ./MCAL/EXTI/EXTINT.o
                0x0000200c                EXTINT1_voidInit
 .text.EXTINT1_voidChangeSense
                0x00002036       0xec ./MCAL/EXTI/EXTINT.o
                0x00002036                EXTINT1_voidChangeSense
 .text.EXTINT1_voidSEtCallBack
                0x00002122       0x24 ./MCAL/EXTI/EXTINT.o
                0x00002122                EXTINT1_voidSEtCallBack
 .text.EXTINT2_voidEnable
                0x00002146       0x2a ./MCAL/EXTI/EXTINT.o
                0x00002146                EXTINT2_voidEnable
 .text.EXTINT2_voidDisable
                0x00002170       0x1c ./MCAL/EXTI/EXTINT.o
                0x00002170                EXTINT2_voidDisable
 .text.EXTINT2_voidInit
                0x0000218c       0x1c ./MCAL/EXTI/EXTINT.o
                0x0000218c                EXTINT2_voidInit
 .text.EXTINT2_voidChangeSense
                0x000021a8       0x68 ./MCAL/EXTI/EXTINT.o
                0x000021a8                EXTINT2_voidChangeSense
 .text.EXTINT2_voidSEtCallBack
                0x00002210       0x24 ./MCAL/EXTI/EXTINT.o
                0x00002210                EXTINT2_voidSEtCallBack
 .text.__vector_1
                0x00002234       0x5a ./MCAL/EXTI/EXTINT.o
                0x00002234                __vector_1
 .text.__vector_2
                0x0000228e       0x5a ./MCAL/EXTI/EXTINT.o
                0x0000228e                __vector_2
 .text.__vector_3
                0x000022e8       0x5a ./MCAL/EXTI/EXTINT.o
                0x000022e8                __vector_3
 .text.DIO_Init
                0x00002342       0x2e ./MCAL/DIO/DIO_Program.o
                0x00002342                DIO_Init
 .text.DIO_enuWritePin
                0x00002370      0x210 ./MCAL/DIO/DIO_Program.o
                0x00002370                DIO_enuWritePin
 .text.DIO_enuReadPin
                0x00002580       0xfe ./MCAL/DIO/DIO_Program.o
                0x00002580                DIO_enuReadPin
 .text.DIO_enuStatePullup
                0x0000267e      0x210 ./MCAL/DIO/DIO_Program.o
                0x0000267e                DIO_enuStatePullup
 .text.DIO_enuWriteGroup
                0x0000288e       0x74 ./MCAL/DIO/DIO_Program.o
                0x0000288e                DIO_enuWriteGroup
 .text.DIO_enuWritePort
                0x00002902       0x90 ./MCAL/DIO/DIO_Program.o
                0x00002902                DIO_enuWritePort
 .text.ADC_voidInit
                0x00002992       0x70 ./MCAL/ADC/ADC.o
                0x00002992                ADC_voidInit
 .text.ADC_voidEnable
                0x00002a02       0x1c ./MCAL/ADC/ADC.o
                0x00002a02                ADC_voidEnable
 .text.ADC_voidDisable
                0x00002a1e       0x1c ./MCAL/ADC/ADC.o
                0x00002a1e                ADC_voidDisable
 .text.ADC_voidEnableInterrupt
                0x00002a3a       0x1c ./MCAL/ADC/ADC.o
                0x00002a3a                ADC_voidEnableInterrupt
 .text.ADC_voidDisableInterrupt
                0x00002a56       0x1c ./MCAL/ADC/ADC.o
                0x00002a56                ADC_voidDisableInterrupt
 .text.ADC_voidSetCallback
                0x00002a72       0x24 ./MCAL/ADC/ADC.o
                0x00002a72                ADC_voidSetCallback
 .text.ADC_voidStartConversion
                0x00002a96       0x4e ./MCAL/ADC/ADC.o
                0x00002a96                ADC_voidStartConversion
 .text.ADC_voidChangeMode
                0x00002ae4       0x54 ./MCAL/ADC/ADC.o
                0x00002ae4                ADC_voidChangeMode
 .text.ADC_u16ReadSync
                0x00002b38       0x72 ./MCAL/ADC/ADC.o
                0x00002b38                ADC_u16ReadSync
 .text.ADC_u16ReadAsync
                0x00002baa       0x16 ./MCAL/ADC/ADC.o
                0x00002baa                ADC_u16ReadAsync
 .text.__vector_16
                0x00002bc0       0x9c ./MCAL/ADC/ADC.o
                0x00002bc0                __vector_16
 .text.SEV_enuDisplay
                0x00002c5c      0x104 ./HAL/SevenSegment/SEVENSEGMENT.o
                0x00002c5c                SEV_enuDisplay
 .text.SEV_HexToBin
                0x00002d60       0x94 ./HAL/SevenSegment/SEVENSEGMENT.o
 .text.SEV_enuEnable
                0x00002df4       0xc4 ./HAL/SevenSegment/SEVENSEGMENT.o
                0x00002df4                SEV_enuEnable
 .text.SEV_enuDisable
                0x00002eb8       0xc4 ./HAL/SevenSegment/SEVENSEGMENT.o
                0x00002eb8                SEV_enuDisable
 .text.Servo_voidInit
                0x00002f7c       0x20 ./HAL/Servo/Servo_program.o
                0x00002f7c                Servo_voidInit
 .text.Servo_MoveAngle
                0x00002f9c       0x74 ./HAL/Servo/Servo_program.o
                0x00002f9c                Servo_MoveAngle
 .text.switchInit
                0x00003010       0x50 ./HAL/SWITCH/SWITCH_program.o
                0x00003010                switchInit
 .text.switchState
                0x00003060      0x416 ./HAL/SWITCH/SWITCH_program.o
                0x00003060                switchState
 .text.LM35_vidinit
                0x00003476       0x16 ./HAL/LM35/LM35.o
                0x00003476                LM35_vidinit
 .text.LM35_f32Reading
                0x0000348c       0x98 ./HAL/LM35/LM35.o
                0x0000348c                LM35_f32Reading
 .text.LCD_voidInit
                0x00003524     0x104c ./HAL/LCD/LCD.o
                0x00003524                LCD_voidInit
 .text.voidWriteCmd
                0x00004570       0x48 ./HAL/LCD/LCD.o
 .text.LCDHelp  0x000045b8      0x35a ./HAL/LCD/LCD.o
 .text.LCD_voidSendChar
                0x00004912      0x348 ./HAL/LCD/LCD.o
                0x00004912                LCD_voidSendChar
 .text.LCD_voidSendCommand
                0x00004c5a      0x320 ./HAL/LCD/LCD.o
                0x00004c5a                LCD_voidSendCommand
 .text.LCD_voidSendString
                0x00004f7a      0x17c ./HAL/LCD/LCD.o
                0x00004f7a                LCD_voidSendString
 .text.LCD_voidClrScr
                0x000050f6       0x1c ./HAL/LCD/LCD.o
                0x000050f6                LCD_voidClrScr
 .text.LCD_voidSendNumber
                0x00005112       0xe4 ./HAL/LCD/LCD.o
                0x00005112                LCD_voidSendNumber
 .text.LCD_voidMoveCourser
                0x000051f6       0x68 ./HAL/LCD/LCD.o
                0x000051f6                LCD_voidMoveCourser
 .text.LCD_voidPattern
                0x0000525e       0xd6 ./HAL/LCD/LCD.o
                0x0000525e                LCD_voidPattern
 .text.LCD_DisplayPattern
                0x00005334       0x34 ./HAL/LCD/LCD.o
                0x00005334                LCD_DisplayPattern
 .text.KPD_voidInit
                0x00005368       0x4e ./HAL/KeyPad/KYEPAD.o
                0x00005368                KPD_voidInit
 .text.KPD_u8GetPressedKey
                0x000053b6      0x108 ./HAL/KeyPad/KYEPAD.o
                0x000053b6                KPD_u8GetPressedKey
 .text.EEPROM_enuWriteByte
                0x000054be       0x80 ./HAL/EEPROM/EEPROM.o
                0x000054be                EEPROM_enuWriteByte
 .text.EEPROM_enuReadByte
                0x0000553e       0xba ./HAL/EEPROM/EEPROM.o
                0x0000553e                EEPROM_enuReadByte
 .text.DCM_voidRotateCW
                0x000055f8       0x1e ./HAL/DC_Motor/DC_Motor.o
                0x000055f8                DCM_voidRotateCW
 .text.DCM_voidRotateCCW
                0x00005616       0x1e ./HAL/DC_Motor/DC_Motor.o
                0x00005616                DCM_voidRotateCCW
 .text.DCM_voidStop
                0x00005634       0x1e ./HAL/DC_Motor/DC_Motor.o
                0x00005634                DCM_voidStop
 .text.App_vidInit
                0x00005652       0x30 ./Application/App.o
                0x00005652                App_vidInit
 .text.App_vidStart
                0x00005682       0xd2 ./Application/App.o
                0x00005682                App_vidStart
 .text.Sys_LoginIn
                0x00005754      0x4f2 ./Application/App.o
                0x00005754                Sys_LoginIn
 .text.Sys_ChangePassword
                0x00005c46      0x18e ./Application/App.o
                0x00005c46                Sys_ChangePassword
 .text.Sys_AddUser
                0x00005dd4      0x168 ./Application/App.o
                0x00005dd4                Sys_AddUser
 .text.main     0x00005f3c       0x1a ./main.o
                0x00005f3c                main
 .text.libgcc   0x00005f56       0x3e e:/program/tools/eclipse/imt_sdk_win_64/winavr/bin/../lib/gcc/avr/4.3.3/avr5\libgcc.a(_mulsi3.o)
                0x00005f56                __mulsi3
 .text.libgcc   0x00005f94       0x28 e:/program/tools/eclipse/imt_sdk_win_64/winavr/bin/../lib/gcc/avr/4.3.3/avr5\libgcc.a(_udivmodhi4.o)
                0x00005f94                __udivmodhi4
 .text.libgcc   0x00005fbc       0x26 e:/program/tools/eclipse/imt_sdk_win_64/winavr/bin/../lib/gcc/avr/4.3.3/avr5\libgcc.a(_divmodhi4.o)
                0x00005fbc                __divmodhi4
                0x00005fbc                _div
 .text.libgcc   0x00005fe2        0x0 e:/program/tools/eclipse/imt_sdk_win_64/winavr/bin/../lib/gcc/avr/4.3.3/avr5\libgcc.a(_exit.o)
 .text.libgcc   0x00005fe2        0x0 e:/program/tools/eclipse/imt_sdk_win_64/winavr/bin/../lib/gcc/avr/4.3.3/avr5\libgcc.a(_copy_data.o)
 .text.libgcc   0x00005fe2        0x0 e:/program/tools/eclipse/imt_sdk_win_64/winavr/bin/../lib/gcc/avr/4.3.3/avr5\libgcc.a(_clear_bss.o)
 .text.libgcc   0x00005fe2       0x38 e:/program/tools/eclipse/imt_sdk_win_64/winavr/bin/../lib/gcc/avr/4.3.3/avr5\libgcc.a(_prologue.o)
                0x00005fe2                __prologue_saves__
 .text.libgcc   0x0000601a       0x36 e:/program/tools/eclipse/imt_sdk_win_64/winavr/bin/../lib/gcc/avr/4.3.3/avr5\libgcc.a(_epilogue.o)
                0x0000601a                __epilogue_restores__
                0x00006050                . = ALIGN (0x2)
 *(.fini9)
 .fini9         0x00006050        0x0 e:/program/tools/eclipse/imt_sdk_win_64/winavr/bin/../lib/gcc/avr/4.3.3/avr5\libgcc.a(_exit.o)
                0x00006050                exit
                0x00006050                _exit
 *(.fini9)
 *(.fini8)
 *(.fini8)
 *(.fini7)
 *(.fini7)
 *(.fini6)
 *(.fini6)
 *(.fini5)
 *(.fini5)
 *(.fini4)
 *(.fini4)
 *(.fini3)
 *(.fini3)
 *(.fini2)
 *(.fini2)
 *(.fini1)
 *(.fini1)
 *(.fini0)
 .fini0         0x00006050        0x4 e:/program/tools/eclipse/imt_sdk_win_64/winavr/bin/../lib/gcc/avr/4.3.3/avr5\libgcc.a(_exit.o)
 *(.fini0)
                0x00006054                _etext = .

.data           0x00800060      0x246 load address 0x00006054
                0x00800060                PROVIDE (__data_start, .)
 *(.data)
 .data          0x00800060        0x0 e:/program/tools/eclipse/imt_sdk_win_64/winavr/bin/../lib/gcc/avr/4.3.3/../../../../avr/lib/avr5/crtm16.o
 .data          0x00800060        0x0 ./MCAL/UART/USART_program.o
 .data          0x00800060        0x0 ./MCAL/Timer2/Timer2.o
 .data          0x00800060        0x0 ./MCAL/Timer1/TIM1.o
 .data          0x00800060        0x0 ./MCAL/Timer0/Timer0.o
 .data          0x00800060        0x0 ./MCAL/SPI/SPI_program.o
 .data          0x00800060        0x0 ./MCAL/I2C/I2C.o
 .data          0x00800060        0x0 ./MCAL/GIE/GIE.o
 .data          0x00800060        0x0 ./MCAL/EXTI/EXTINT.o
 .data          0x00800060        0x0 ./MCAL/DIO/DIO_Program.o
 .data          0x00800060        0x0 ./MCAL/ADC/ADC.o
 .data          0x00800060        0x0 ./HAL/SevenSegment/SEVENSEGMENT.o
 .data          0x00800060        0x0 ./HAL/SevenSegment/SEVENSEGMENT_cfg.o
 .data          0x00800060        0x0 ./HAL/Servo/Servo_program.o
 .data          0x00800060        0x0 ./HAL/SWITCH/SWITCH_config.o
 .data          0x00800060        0x0 ./HAL/SWITCH/SWITCH_program.o
 .data          0x00800060        0x0 ./HAL/LM35/LM35.o
 .data          0x00800060        0x0 ./HAL/LCD/LCD.o
 .data          0x00800060        0x0 ./HAL/LCD/LCD_cfg.o
 .data          0x00800060        0x0 ./HAL/KeyPad/KYEPAD.o
 .data          0x00800060        0x0 ./HAL/EEPROM/EEPROM.o
 .data          0x00800060        0x0 ./HAL/DC_Motor/DC_Motor.o
 .data          0x00800060       0xad ./Application/App.o
 .data          0x0080010d        0x0 ./main.o
 .data          0x0080010d        0x0 e:/program/tools/eclipse/imt_sdk_win_64/winavr/bin/../lib/gcc/avr/4.3.3/avr5\libgcc.a(_mulsi3.o)
 .data          0x0080010d        0x0 e:/program/tools/eclipse/imt_sdk_win_64/winavr/bin/../lib/gcc/avr/4.3.3/avr5\libgcc.a(_udivmodhi4.o)
 .data          0x0080010d        0x0 e:/program/tools/eclipse/imt_sdk_win_64/winavr/bin/../lib/gcc/avr/4.3.3/avr5\libgcc.a(_divmodhi4.o)
 .data          0x0080010d        0x0 e:/program/tools/eclipse/imt_sdk_win_64/winavr/bin/../lib/gcc/avr/4.3.3/avr5\libgcc.a(_exit.o)
 .data          0x0080010d        0x0 e:/program/tools/eclipse/imt_sdk_win_64/winavr/bin/../lib/gcc/avr/4.3.3/avr5\libgcc.a(_copy_data.o)
 .data          0x0080010d        0x0 e:/program/tools/eclipse/imt_sdk_win_64/winavr/bin/../lib/gcc/avr/4.3.3/avr5\libgcc.a(_clear_bss.o)
 .data          0x0080010d        0x0 e:/program/tools/eclipse/imt_sdk_win_64/winavr/bin/../lib/gcc/avr/4.3.3/avr5\libgcc.a(_fixunssfsi.o)
 .data          0x0080010d        0x0 e:/program/tools/eclipse/imt_sdk_win_64/winavr/bin/../lib/gcc/avr/4.3.3/avr5\libgcc.a(_addsub_sf.o)
 .data          0x0080010d        0x0 e:/program/tools/eclipse/imt_sdk_win_64/winavr/bin/../lib/gcc/avr/4.3.3/avr5\libgcc.a(_mul_sf.o)
 .data          0x0080010d        0x0 e:/program/tools/eclipse/imt_sdk_win_64/winavr/bin/../lib/gcc/avr/4.3.3/avr5\libgcc.a(_div_sf.o)
 .data          0x0080010d        0x0 e:/program/tools/eclipse/imt_sdk_win_64/winavr/bin/../lib/gcc/avr/4.3.3/avr5\libgcc.a(_gt_sf.o)
 .data          0x0080010d        0x0 e:/program/tools/eclipse/imt_sdk_win_64/winavr/bin/../lib/gcc/avr/4.3.3/avr5\libgcc.a(_ge_sf.o)
 .data          0x0080010d        0x0 e:/program/tools/eclipse/imt_sdk_win_64/winavr/bin/../lib/gcc/avr/4.3.3/avr5\libgcc.a(_lt_sf.o)
 .data          0x0080010d        0x0 e:/program/tools/eclipse/imt_sdk_win_64/winavr/bin/../lib/gcc/avr/4.3.3/avr5\libgcc.a(_si_to_sf.o)
 .data          0x0080010d        0x0 e:/program/tools/eclipse/imt_sdk_win_64/winavr/bin/../lib/gcc/avr/4.3.3/avr5\libgcc.a(_sf_to_si.o)
 .data          0x0080010d        0x8 e:/program/tools/eclipse/imt_sdk_win_64/winavr/bin/../lib/gcc/avr/4.3.3/avr5\libgcc.a(_thenan_sf.o)
                0x0080010d                __thenan_sf
 .data          0x00800115        0x0 e:/program/tools/eclipse/imt_sdk_win_64/winavr/bin/../lib/gcc/avr/4.3.3/avr5\libgcc.a(_usi_to_sf.o)
 .data          0x00800115        0x0 e:/program/tools/eclipse/imt_sdk_win_64/winavr/bin/../lib/gcc/avr/4.3.3/avr5\libgcc.a(_prologue.o)
 .data          0x00800115        0x0 e:/program/tools/eclipse/imt_sdk_win_64/winavr/bin/../lib/gcc/avr/4.3.3/avr5\libgcc.a(_epilogue.o)
 .data          0x00800115        0x0 e:/program/tools/eclipse/imt_sdk_win_64/winavr/bin/../lib/gcc/avr/4.3.3/avr5\libgcc.a(_clzsi2.o)
 .data          0x00800115        0x0 e:/program/tools/eclipse/imt_sdk_win_64/winavr/bin/../lib/gcc/avr/4.3.3/avr5\libgcc.a(_pack_sf.o)
 .data          0x00800115        0x0 e:/program/tools/eclipse/imt_sdk_win_64/winavr/bin/../lib/gcc/avr/4.3.3/avr5\libgcc.a(_unpack_sf.o)
 .data          0x00800115        0x0 e:/program/tools/eclipse/imt_sdk_win_64/winavr/bin/../lib/gcc/avr/4.3.3/avr5\libgcc.a(_fpcmp_parts_sf.o)
 .data          0x00800115      0x100 e:/program/tools/eclipse/imt_sdk_win_64/winavr/bin/../lib/gcc/avr/4.3.3/avr5\libgcc.a(_clz.o)
                0x00800115                __clz_tab
 *(.data*)
 .data.SEV_ConfigSet
                0x00800215        0x9 ./HAL/SevenSegment/SEVENSEGMENT_cfg.o
                0x00800215                SEV_ConfigSet
 .data.switches
                0x0080021e        0x6 ./HAL/SWITCH/SWITCH_config.o
                0x0080021e                switches
 .data.lcdarr   0x00800224       0x53 ./HAL/LCD/LCD_cfg.o
                0x00800224                lcdarr
 .data.au8KpdArrLoc.1231
                0x00800277       0x10 ./HAL/KeyPad/KYEPAD.o
 .data.u8KpdRowArr.1226
                0x00800287        0x4 ./HAL/KeyPad/KYEPAD.o
 .data.u8KpdColArr.1225
                0x0080028b        0x4 ./HAL/KeyPad/KYEPAD.o
 .data.pf_Function_call
                0x0080028f        0x6 ./Application/App.o
                0x0080028f                pf_Function_call
 .data.Strings  0x00800295        0x6 ./Application/App.o
                0x00800295                Strings
 *(.rodata)
 *(.rodata*)
 .rodata.C.0.1237
                0x0080029b        0xa ./HAL/SevenSegment/SEVENSEGMENT.o
 *(.gnu.linkonce.d*)
                0x008002a6                . = ALIGN (0x2)
 *fill*         0x008002a5        0x1 00
                0x008002a6                _edata = .
                0x008002a6                PROVIDE (__data_end, .)

.bss            0x008002a6       0x26
                0x008002a6                PROVIDE (__bss_start, .)
 *(.bss)
 .bss           0x008002a6        0x0 e:/program/tools/eclipse/imt_sdk_win_64/winavr/bin/../lib/gcc/avr/4.3.3/../../../../avr/lib/avr5/crtm16.o
 .bss           0x008002a6        0x0 ./MCAL/UART/USART_program.o
 .bss           0x008002a6        0x0 ./MCAL/Timer2/Timer2.o
 .bss           0x008002a6        0x0 ./MCAL/Timer1/TIM1.o
 .bss           0x008002a6        0x0 ./MCAL/Timer0/Timer0.o
 .bss           0x008002a6        0x0 ./MCAL/SPI/SPI_program.o
 .bss           0x008002a6        0x0 ./MCAL/I2C/I2C.o
 .bss           0x008002a6        0x0 ./MCAL/GIE/GIE.o
 .bss           0x008002a6        0x0 ./MCAL/EXTI/EXTINT.o
 .bss           0x008002a6        0x0 ./MCAL/DIO/DIO_Program.o
 .bss           0x008002a6        0x0 ./MCAL/ADC/ADC.o
 .bss           0x008002a6        0x0 ./HAL/SevenSegment/SEVENSEGMENT.o
 .bss           0x008002a6        0x0 ./HAL/SevenSegment/SEVENSEGMENT_cfg.o
 .bss           0x008002a6        0x0 ./HAL/Servo/Servo_program.o
 .bss           0x008002a6        0x0 ./HAL/SWITCH/SWITCH_config.o
 .bss           0x008002a6        0x0 ./HAL/SWITCH/SWITCH_program.o
 .bss           0x008002a6        0x0 ./HAL/LM35/LM35.o
 .bss           0x008002a6        0x0 ./HAL/LCD/LCD.o
 .bss           0x008002a6        0x0 ./HAL/LCD/LCD_cfg.o
 .bss           0x008002a6        0x0 ./HAL/KeyPad/KYEPAD.o
 .bss           0x008002a6        0x0 ./HAL/EEPROM/EEPROM.o
 .bss           0x008002a6        0x0 ./HAL/DC_Motor/DC_Motor.o
 .bss           0x008002a6        0x0 ./Application/App.o
 .bss           0x008002a6        0x0 ./main.o
 .bss           0x008002a6        0x0 e:/program/tools/eclipse/imt_sdk_win_64/winavr/bin/../lib/gcc/avr/4.3.3/avr5\libgcc.a(_mulsi3.o)
 .bss           0x008002a6        0x0 e:/program/tools/eclipse/imt_sdk_win_64/winavr/bin/../lib/gcc/avr/4.3.3/avr5\libgcc.a(_udivmodhi4.o)
 .bss           0x008002a6        0x0 e:/program/tools/eclipse/imt_sdk_win_64/winavr/bin/../lib/gcc/avr/4.3.3/avr5\libgcc.a(_divmodhi4.o)
 .bss           0x008002a6        0x0 e:/program/tools/eclipse/imt_sdk_win_64/winavr/bin/../lib/gcc/avr/4.3.3/avr5\libgcc.a(_exit.o)
 .bss           0x008002a6        0x0 e:/program/tools/eclipse/imt_sdk_win_64/winavr/bin/../lib/gcc/avr/4.3.3/avr5\libgcc.a(_copy_data.o)
 .bss           0x008002a6        0x0 e:/program/tools/eclipse/imt_sdk_win_64/winavr/bin/../lib/gcc/avr/4.3.3/avr5\libgcc.a(_clear_bss.o)
 .bss           0x008002a6        0x0 e:/program/tools/eclipse/imt_sdk_win_64/winavr/bin/../lib/gcc/avr/4.3.3/avr5\libgcc.a(_fixunssfsi.o)
 .bss           0x008002a6        0x0 e:/program/tools/eclipse/imt_sdk_win_64/winavr/bin/../lib/gcc/avr/4.3.3/avr5\libgcc.a(_addsub_sf.o)
 .bss           0x008002a6        0x0 e:/program/tools/eclipse/imt_sdk_win_64/winavr/bin/../lib/gcc/avr/4.3.3/avr5\libgcc.a(_mul_sf.o)
 .bss           0x008002a6        0x0 e:/program/tools/eclipse/imt_sdk_win_64/winavr/bin/../lib/gcc/avr/4.3.3/avr5\libgcc.a(_div_sf.o)
 .bss           0x008002a6        0x0 e:/program/tools/eclipse/imt_sdk_win_64/winavr/bin/../lib/gcc/avr/4.3.3/avr5\libgcc.a(_gt_sf.o)
 .bss           0x008002a6        0x0 e:/program/tools/eclipse/imt_sdk_win_64/winavr/bin/../lib/gcc/avr/4.3.3/avr5\libgcc.a(_ge_sf.o)
 .bss           0x008002a6        0x0 e:/program/tools/eclipse/imt_sdk_win_64/winavr/bin/../lib/gcc/avr/4.3.3/avr5\libgcc.a(_lt_sf.o)
 .bss           0x008002a6        0x0 e:/program/tools/eclipse/imt_sdk_win_64/winavr/bin/../lib/gcc/avr/4.3.3/avr5\libgcc.a(_si_to_sf.o)
 .bss           0x008002a6        0x0 e:/program/tools/eclipse/imt_sdk_win_64/winavr/bin/../lib/gcc/avr/4.3.3/avr5\libgcc.a(_sf_to_si.o)
 .bss           0x008002a6        0x0 e:/program/tools/eclipse/imt_sdk_win_64/winavr/bin/../lib/gcc/avr/4.3.3/avr5\libgcc.a(_thenan_sf.o)
 .bss           0x008002a6        0x0 e:/program/tools/eclipse/imt_sdk_win_64/winavr/bin/../lib/gcc/avr/4.3.3/avr5\libgcc.a(_usi_to_sf.o)
 .bss           0x008002a6        0x0 e:/program/tools/eclipse/imt_sdk_win_64/winavr/bin/../lib/gcc/avr/4.3.3/avr5\libgcc.a(_prologue.o)
 .bss           0x008002a6        0x0 e:/program/tools/eclipse/imt_sdk_win_64/winavr/bin/../lib/gcc/avr/4.3.3/avr5\libgcc.a(_epilogue.o)
 .bss           0x008002a6        0x0 e:/program/tools/eclipse/imt_sdk_win_64/winavr/bin/../lib/gcc/avr/4.3.3/avr5\libgcc.a(_clzsi2.o)
 .bss           0x008002a6        0x0 e:/program/tools/eclipse/imt_sdk_win_64/winavr/bin/../lib/gcc/avr/4.3.3/avr5\libgcc.a(_pack_sf.o)
 .bss           0x008002a6        0x0 e:/program/tools/eclipse/imt_sdk_win_64/winavr/bin/../lib/gcc/avr/4.3.3/avr5\libgcc.a(_unpack_sf.o)
 .bss           0x008002a6        0x0 e:/program/tools/eclipse/imt_sdk_win_64/winavr/bin/../lib/gcc/avr/4.3.3/avr5\libgcc.a(_fpcmp_parts_sf.o)
 .bss           0x008002a6        0x0 e:/program/tools/eclipse/imt_sdk_win_64/winavr/bin/../lib/gcc/avr/4.3.3/avr5\libgcc.a(_clz.o)
 *(.bss*)
 .bss.u32flag.1507
                0x008002a6        0x4 ./MCAL/Timer1/TIM1.o
 .bss.u32OVFConut.1506
                0x008002aa        0x4 ./MCAL/Timer1/TIM1.o
 .bss.EXTINT0_pfCall
                0x008002ae        0x2 ./MCAL/EXTI/EXTINT.o
 .bss.EXTINT1_pfCall
                0x008002b0        0x2 ./MCAL/EXTI/EXTINT.o
 .bss.EXTINT2_pfCall
                0x008002b2        0x2 ./MCAL/EXTI/EXTINT.o
 .bss.ADCINT_pfCall
                0x008002b4        0x2 ./MCAL/ADC/ADC.o
                0x008002b4                ADCINT_pfCall
 .bss.u8KpdPinState.1229
                0x008002b6        0x1 ./HAL/KeyPad/KYEPAD.o
 .bss.u8KpdRowIdx.1228
                0x008002b7        0x1 ./HAL/KeyPad/KYEPAD.o
 .bss.u8KpdColIdx.1227
                0x008002b8        0x1 ./HAL/KeyPad/KYEPAD.o
 .bss.UserLocation
                0x008002b9        0x1 ./Application/App.o
                0x008002b9                UserLocation
 *(COMMON)
 COMMON         0x008002ba        0x4 ./MCAL/Timer2/Timer2.o
                0x008002ba                TIM2_pfCmpCallBack
                0x008002bc                TIM2_pfOVFCallBack
 COMMON         0x008002be        0x8 ./MCAL/Timer1/TIM1.o
                0x008002be                TIM1_pfCmpBCallBack
                0x008002c0                TIM1_pfIcuCallBack
                0x008002c2                TIM1_pfOvfCallBack
                0x008002c4                TIM1_pfCmpACallBack
 COMMON         0x008002c6        0x4 ./MCAL/Timer0/Timer0.o
                0x008002c6                TIM0_pfOVFCallBack
                0x008002c8                TIM0_pfCmpCallBack
 COMMON         0x008002ca        0x2 ./MCAL/ADC/ADC.o
                0x008002ca                ADC_uint16ReadVal
                0x008002cc                PROVIDE (__bss_end, .)
                0x00006054                __data_load_start = LOADADDR (.data)
                0x0000629a                __data_load_end = (__data_load_start + SIZEOF (.data))

.noinit         0x008002cc        0x0
                0x008002cc                PROVIDE (__noinit_start, .)
 *(.noinit*)
                0x008002cc                PROVIDE (__noinit_end, .)
                0x008002cc                _end = .
                0x008002cc                PROVIDE (__heap_start, .)

.eeprom         0x00810000        0x0
 *(.eeprom*)
                0x00810000                __eeprom_end = .

.fuse
 *(.fuse)
 *(.lfuse)
 *(.hfuse)
 *(.efuse)

.lock
 *(.lock*)

.signature
 *(.signature*)

.stab           0x00000000     0x771c
 *(.stab)
 .stab          0x00000000      0x48c ./MCAL/UART/USART_program.o
 .stab          0x0000048c      0x54c ./MCAL/Timer2/Timer2.o
                                0x558 (size before relaxing)
 .stab          0x000009d8      0xa74 ./MCAL/Timer1/TIM1.o
                                0xa80 (size before relaxing)
 .stab          0x0000144c      0x4ec ./MCAL/Timer0/Timer0.o
                                0x4f8 (size before relaxing)
 .stab          0x00001938      0x198 ./MCAL/SPI/SPI_program.o
                                0x1a4 (size before relaxing)
 .stab          0x00001ad0      0x3b4 ./MCAL/I2C/I2C.o
                                0x3c0 (size before relaxing)
 .stab          0x00001e84      0x1f8 ./MCAL/GIE/GIE.o
                                0x204 (size before relaxing)
 .stab          0x0000207c      0x69c ./MCAL/EXTI/EXTINT.o
                                0x6a8 (size before relaxing)
 .stab          0x00002718      0x714 ./MCAL/DIO/DIO_Program.o
                                0x720 (size before relaxing)
 .stab          0x00002e2c      0x528 ./MCAL/ADC/ADC.o
                                0x534 (size before relaxing)
 .stab          0x00003354      0x4bc ./HAL/SevenSegment/SEVENSEGMENT.o
                                0x4c8 (size before relaxing)
 .stab          0x00003810      0x1b0 ./HAL/SevenSegment/SEVENSEGMENT_cfg.o
                                0x1d4 (size before relaxing)
 .stab          0x000039c0      0x24c ./HAL/Servo/Servo_program.o
                                0x258 (size before relaxing)
 .stab          0x00003c0c      0x1c8 ./HAL/SWITCH/SWITCH_config.o
                                0x1d4 (size before relaxing)
 .stab          0x00003dd4      0x690 ./HAL/SWITCH/SWITCH_program.o
                                0x768 (size before relaxing)
 .stab          0x00004464      0x258 ./HAL/LM35/LM35.o
                                0x264 (size before relaxing)
 .stab          0x000046bc     0x16e0 ./HAL/LCD/LCD.o
                               0x1878 (size before relaxing)
 .stab          0x00005d9c      0x1b0 ./HAL/LCD/LCD_cfg.o
                                0x1ec (size before relaxing)
 .stab          0x00005f4c      0x3a8 ./HAL/KeyPad/KYEPAD.o
                                0x3b4 (size before relaxing)
 .stab          0x000062f4      0x3c0 ./HAL/EEPROM/EEPROM.o
                                0x3cc (size before relaxing)
 .stab          0x000066b4      0x24c ./HAL/DC_Motor/DC_Motor.o
                                0x258 (size before relaxing)
 .stab          0x00006900      0xc24 ./Application/App.o
                                0xdbc (size before relaxing)
 .stab          0x00007524      0x1f8 ./main.o
                                0x204 (size before relaxing)

.stabstr        0x00000000     0x2ad5
 *(.stabstr)
 .stabstr       0x00000000     0x2ad5 ./MCAL/UART/USART_program.o

.stab.excl
 *(.stab.excl)

.stab.exclstr
 *(.stab.exclstr)

.stab.index
 *(.stab.index)

.stab.indexstr
 *(.stab.indexstr)

.comment
 *(.comment)

.debug
 *(.debug)

.line
 *(.line)

.debug_srcinfo
 *(.debug_srcinfo)

.debug_sfnames
 *(.debug_sfnames)

.debug_aranges  0x00000000      0x1c0
 *(.debug_aranges)
 .debug_aranges
                0x00000000       0x20 e:/program/tools/eclipse/imt_sdk_win_64/winavr/bin/../lib/gcc/avr/4.3.3/avr5\libgcc.a(_fixunssfsi.o)
 .debug_aranges
                0x00000020       0x20 e:/program/tools/eclipse/imt_sdk_win_64/winavr/bin/../lib/gcc/avr/4.3.3/avr5\libgcc.a(_addsub_sf.o)
 .debug_aranges
                0x00000040       0x20 e:/program/tools/eclipse/imt_sdk_win_64/winavr/bin/../lib/gcc/avr/4.3.3/avr5\libgcc.a(_mul_sf.o)
 .debug_aranges
                0x00000060       0x20 e:/program/tools/eclipse/imt_sdk_win_64/winavr/bin/../lib/gcc/avr/4.3.3/avr5\libgcc.a(_div_sf.o)
 .debug_aranges
                0x00000080       0x20 e:/program/tools/eclipse/imt_sdk_win_64/winavr/bin/../lib/gcc/avr/4.3.3/avr5\libgcc.a(_gt_sf.o)
 .debug_aranges
                0x000000a0       0x20 e:/program/tools/eclipse/imt_sdk_win_64/winavr/bin/../lib/gcc/avr/4.3.3/avr5\libgcc.a(_ge_sf.o)
 .debug_aranges
                0x000000c0       0x20 e:/program/tools/eclipse/imt_sdk_win_64/winavr/bin/../lib/gcc/avr/4.3.3/avr5\libgcc.a(_lt_sf.o)
 .debug_aranges
                0x000000e0       0x20 e:/program/tools/eclipse/imt_sdk_win_64/winavr/bin/../lib/gcc/avr/4.3.3/avr5\libgcc.a(_si_to_sf.o)
 .debug_aranges
                0x00000100       0x20 e:/program/tools/eclipse/imt_sdk_win_64/winavr/bin/../lib/gcc/avr/4.3.3/avr5\libgcc.a(_sf_to_si.o)
 .debug_aranges
                0x00000120       0x20 e:/program/tools/eclipse/imt_sdk_win_64/winavr/bin/../lib/gcc/avr/4.3.3/avr5\libgcc.a(_usi_to_sf.o)
 .debug_aranges
                0x00000140       0x20 e:/program/tools/eclipse/imt_sdk_win_64/winavr/bin/../lib/gcc/avr/4.3.3/avr5\libgcc.a(_clzsi2.o)
 .debug_aranges
                0x00000160       0x20 e:/program/tools/eclipse/imt_sdk_win_64/winavr/bin/../lib/gcc/avr/4.3.3/avr5\libgcc.a(_pack_sf.o)
 .debug_aranges
                0x00000180       0x20 e:/program/tools/eclipse/imt_sdk_win_64/winavr/bin/../lib/gcc/avr/4.3.3/avr5\libgcc.a(_unpack_sf.o)
 .debug_aranges
                0x000001a0       0x20 e:/program/tools/eclipse/imt_sdk_win_64/winavr/bin/../lib/gcc/avr/4.3.3/avr5\libgcc.a(_fpcmp_parts_sf.o)

.debug_pubnames
                0x00000000      0x214
 *(.debug_pubnames)
 .debug_pubnames
                0x00000000       0x23 e:/program/tools/eclipse/imt_sdk_win_64/winavr/bin/../lib/gcc/avr/4.3.3/avr5\libgcc.a(_fixunssfsi.o)
 .debug_pubnames
                0x00000023       0x2c e:/program/tools/eclipse/imt_sdk_win_64/winavr/bin/../lib/gcc/avr/4.3.3/avr5\libgcc.a(_addsub_sf.o)
 .debug_pubnames
                0x0000004f       0x1f e:/program/tools/eclipse/imt_sdk_win_64/winavr/bin/../lib/gcc/avr/4.3.3/avr5\libgcc.a(_mul_sf.o)
 .debug_pubnames
                0x0000006e       0x1f e:/program/tools/eclipse/imt_sdk_win_64/winavr/bin/../lib/gcc/avr/4.3.3/avr5\libgcc.a(_div_sf.o)
 .debug_pubnames
                0x0000008d       0x1e e:/program/tools/eclipse/imt_sdk_win_64/winavr/bin/../lib/gcc/avr/4.3.3/avr5\libgcc.a(_gt_sf.o)
 .debug_pubnames
                0x000000ab       0x1e e:/program/tools/eclipse/imt_sdk_win_64/winavr/bin/../lib/gcc/avr/4.3.3/avr5\libgcc.a(_ge_sf.o)
 .debug_pubnames
                0x000000c9       0x1e e:/program/tools/eclipse/imt_sdk_win_64/winavr/bin/../lib/gcc/avr/4.3.3/avr5\libgcc.a(_lt_sf.o)
 .debug_pubnames
                0x000000e7       0x22 e:/program/tools/eclipse/imt_sdk_win_64/winavr/bin/../lib/gcc/avr/4.3.3/avr5\libgcc.a(_si_to_sf.o)
 .debug_pubnames
                0x00000109       0x20 e:/program/tools/eclipse/imt_sdk_win_64/winavr/bin/../lib/gcc/avr/4.3.3/avr5\libgcc.a(_sf_to_si.o)
 .debug_pubnames
                0x00000129       0x22 e:/program/tools/eclipse/imt_sdk_win_64/winavr/bin/../lib/gcc/avr/4.3.3/avr5\libgcc.a(_thenan_sf.o)
 .debug_pubnames
                0x0000014b       0x24 e:/program/tools/eclipse/imt_sdk_win_64/winavr/bin/../lib/gcc/avr/4.3.3/avr5\libgcc.a(_usi_to_sf.o)
 .debug_pubnames
                0x0000016f       0x1f e:/program/tools/eclipse/imt_sdk_win_64/winavr/bin/../lib/gcc/avr/4.3.3/avr5\libgcc.a(_clzsi2.o)
 .debug_pubnames
                0x0000018e       0x1f e:/program/tools/eclipse/imt_sdk_win_64/winavr/bin/../lib/gcc/avr/4.3.3/avr5\libgcc.a(_pack_sf.o)
 .debug_pubnames
                0x000001ad       0x21 e:/program/tools/eclipse/imt_sdk_win_64/winavr/bin/../lib/gcc/avr/4.3.3/avr5\libgcc.a(_unpack_sf.o)
 .debug_pubnames
                0x000001ce       0x26 e:/program/tools/eclipse/imt_sdk_win_64/winavr/bin/../lib/gcc/avr/4.3.3/avr5\libgcc.a(_fpcmp_parts_sf.o)
 .debug_pubnames
                0x000001f4       0x20 e:/program/tools/eclipse/imt_sdk_win_64/winavr/bin/../lib/gcc/avr/4.3.3/avr5\libgcc.a(_clz.o)

.debug_info     0x00000000     0x2612
 *(.debug_info)
 .debug_info    0x00000000       0xb1 e:/program/tools/eclipse/imt_sdk_win_64/winavr/bin/../lib/gcc/avr/4.3.3/avr5\libgcc.a(_fixunssfsi.o)
 .debug_info    0x000000b1      0x47a e:/program/tools/eclipse/imt_sdk_win_64/winavr/bin/../lib/gcc/avr/4.3.3/avr5\libgcc.a(_addsub_sf.o)
 .debug_info    0x0000052b      0x485 e:/program/tools/eclipse/imt_sdk_win_64/winavr/bin/../lib/gcc/avr/4.3.3/avr5\libgcc.a(_mul_sf.o)
 .debug_info    0x000009b0      0x3fc e:/program/tools/eclipse/imt_sdk_win_64/winavr/bin/../lib/gcc/avr/4.3.3/avr5\libgcc.a(_div_sf.o)
 .debug_info    0x00000dac      0x27f e:/program/tools/eclipse/imt_sdk_win_64/winavr/bin/../lib/gcc/avr/4.3.3/avr5\libgcc.a(_gt_sf.o)
 .debug_info    0x0000102b      0x27f e:/program/tools/eclipse/imt_sdk_win_64/winavr/bin/../lib/gcc/avr/4.3.3/avr5\libgcc.a(_ge_sf.o)
 .debug_info    0x000012aa      0x27f e:/program/tools/eclipse/imt_sdk_win_64/winavr/bin/../lib/gcc/avr/4.3.3/avr5\libgcc.a(_lt_sf.o)
 .debug_info    0x00001529      0x207 e:/program/tools/eclipse/imt_sdk_win_64/winavr/bin/../lib/gcc/avr/4.3.3/avr5\libgcc.a(_si_to_sf.o)
 .debug_info    0x00001730      0x2b0 e:/program/tools/eclipse/imt_sdk_win_64/winavr/bin/../lib/gcc/avr/4.3.3/avr5\libgcc.a(_sf_to_si.o)
 .debug_info    0x000019e0      0x12c e:/program/tools/eclipse/imt_sdk_win_64/winavr/bin/../lib/gcc/avr/4.3.3/avr5\libgcc.a(_thenan_sf.o)
 .debug_info    0x00001b0c      0x206 e:/program/tools/eclipse/imt_sdk_win_64/winavr/bin/../lib/gcc/avr/4.3.3/avr5\libgcc.a(_usi_to_sf.o)
 .debug_info    0x00001d12      0x117 e:/program/tools/eclipse/imt_sdk_win_64/winavr/bin/../lib/gcc/avr/4.3.3/avr5\libgcc.a(_clzsi2.o)
 .debug_info    0x00001e29      0x2df e:/program/tools/eclipse/imt_sdk_win_64/winavr/bin/../lib/gcc/avr/4.3.3/avr5\libgcc.a(_pack_sf.o)
 .debug_info    0x00002108      0x251 e:/program/tools/eclipse/imt_sdk_win_64/winavr/bin/../lib/gcc/avr/4.3.3/avr5\libgcc.a(_unpack_sf.o)
 .debug_info    0x00002359      0x210 e:/program/tools/eclipse/imt_sdk_win_64/winavr/bin/../lib/gcc/avr/4.3.3/avr5\libgcc.a(_fpcmp_parts_sf.o)
 .debug_info    0x00002569       0xa9 e:/program/tools/eclipse/imt_sdk_win_64/winavr/bin/../lib/gcc/avr/4.3.3/avr5\libgcc.a(_clz.o)
 *(.gnu.linkonce.wi.*)

.debug_abbrev   0x00000000     0x14ce
 *(.debug_abbrev)
 .debug_abbrev  0x00000000       0x5d e:/program/tools/eclipse/imt_sdk_win_64/winavr/bin/../lib/gcc/avr/4.3.3/avr5\libgcc.a(_fixunssfsi.o)
 .debug_abbrev  0x0000005d      0x1ea e:/program/tools/eclipse/imt_sdk_win_64/winavr/bin/../lib/gcc/avr/4.3.3/avr5\libgcc.a(_addsub_sf.o)
 .debug_abbrev  0x00000247      0x21b e:/program/tools/eclipse/imt_sdk_win_64/winavr/bin/../lib/gcc/avr/4.3.3/avr5\libgcc.a(_mul_sf.o)
 .debug_abbrev  0x00000462      0x216 e:/program/tools/eclipse/imt_sdk_win_64/winavr/bin/../lib/gcc/avr/4.3.3/avr5\libgcc.a(_div_sf.o)
 .debug_abbrev  0x00000678      0x15a e:/program/tools/eclipse/imt_sdk_win_64/winavr/bin/../lib/gcc/avr/4.3.3/avr5\libgcc.a(_gt_sf.o)
 .debug_abbrev  0x000007d2      0x15a e:/program/tools/eclipse/imt_sdk_win_64/winavr/bin/../lib/gcc/avr/4.3.3/avr5\libgcc.a(_ge_sf.o)
 .debug_abbrev  0x0000092c      0x15a e:/program/tools/eclipse/imt_sdk_win_64/winavr/bin/../lib/gcc/avr/4.3.3/avr5\libgcc.a(_lt_sf.o)
 .debug_abbrev  0x00000a86      0x148 e:/program/tools/eclipse/imt_sdk_win_64/winavr/bin/../lib/gcc/avr/4.3.3/avr5\libgcc.a(_si_to_sf.o)
 .debug_abbrev  0x00000bce      0x17f e:/program/tools/eclipse/imt_sdk_win_64/winavr/bin/../lib/gcc/avr/4.3.3/avr5\libgcc.a(_sf_to_si.o)
 .debug_abbrev  0x00000d4d       0xad e:/program/tools/eclipse/imt_sdk_win_64/winavr/bin/../lib/gcc/avr/4.3.3/avr5\libgcc.a(_thenan_sf.o)
 .debug_abbrev  0x00000dfa      0x157 e:/program/tools/eclipse/imt_sdk_win_64/winavr/bin/../lib/gcc/avr/4.3.3/avr5\libgcc.a(_usi_to_sf.o)
 .debug_abbrev  0x00000f51       0xc4 e:/program/tools/eclipse/imt_sdk_win_64/winavr/bin/../lib/gcc/avr/4.3.3/avr5\libgcc.a(_clzsi2.o)
 .debug_abbrev  0x00001015      0x1c0 e:/program/tools/eclipse/imt_sdk_win_64/winavr/bin/../lib/gcc/avr/4.3.3/avr5\libgcc.a(_pack_sf.o)
 .debug_abbrev  0x000011d5      0x154 e:/program/tools/eclipse/imt_sdk_win_64/winavr/bin/../lib/gcc/avr/4.3.3/avr5\libgcc.a(_unpack_sf.o)
 .debug_abbrev  0x00001329      0x13b e:/program/tools/eclipse/imt_sdk_win_64/winavr/bin/../lib/gcc/avr/4.3.3/avr5\libgcc.a(_fpcmp_parts_sf.o)
 .debug_abbrev  0x00001464       0x6a e:/program/tools/eclipse/imt_sdk_win_64/winavr/bin/../lib/gcc/avr/4.3.3/avr5\libgcc.a(_clz.o)

.debug_line     0x00000000     0x130b
 *(.debug_line)
 .debug_line    0x00000000       0xa7 e:/program/tools/eclipse/imt_sdk_win_64/winavr/bin/../lib/gcc/avr/4.3.3/avr5\libgcc.a(_fixunssfsi.o)
 .debug_line    0x000000a7      0x2af e:/program/tools/eclipse/imt_sdk_win_64/winavr/bin/../lib/gcc/avr/4.3.3/avr5\libgcc.a(_addsub_sf.o)
 .debug_line    0x00000356      0x239 e:/program/tools/eclipse/imt_sdk_win_64/winavr/bin/../lib/gcc/avr/4.3.3/avr5\libgcc.a(_mul_sf.o)
 .debug_line    0x0000058f      0x1d5 e:/program/tools/eclipse/imt_sdk_win_64/winavr/bin/../lib/gcc/avr/4.3.3/avr5\libgcc.a(_div_sf.o)
 .debug_line    0x00000764       0xd3 e:/program/tools/eclipse/imt_sdk_win_64/winavr/bin/../lib/gcc/avr/4.3.3/avr5\libgcc.a(_gt_sf.o)
 .debug_line    0x00000837       0xd3 e:/program/tools/eclipse/imt_sdk_win_64/winavr/bin/../lib/gcc/avr/4.3.3/avr5\libgcc.a(_ge_sf.o)
 .debug_line    0x0000090a       0xd3 e:/program/tools/eclipse/imt_sdk_win_64/winavr/bin/../lib/gcc/avr/4.3.3/avr5\libgcc.a(_lt_sf.o)
 .debug_line    0x000009dd      0x135 e:/program/tools/eclipse/imt_sdk_win_64/winavr/bin/../lib/gcc/avr/4.3.3/avr5\libgcc.a(_si_to_sf.o)
 .debug_line    0x00000b12      0x109 e:/program/tools/eclipse/imt_sdk_win_64/winavr/bin/../lib/gcc/avr/4.3.3/avr5\libgcc.a(_sf_to_si.o)
 .debug_line    0x00000c1b       0x90 e:/program/tools/eclipse/imt_sdk_win_64/winavr/bin/../lib/gcc/avr/4.3.3/avr5\libgcc.a(_thenan_sf.o)
 .debug_line    0x00000cab      0x133 e:/program/tools/eclipse/imt_sdk_win_64/winavr/bin/../lib/gcc/avr/4.3.3/avr5\libgcc.a(_usi_to_sf.o)
 .debug_line    0x00000dde       0xa5 e:/program/tools/eclipse/imt_sdk_win_64/winavr/bin/../lib/gcc/avr/4.3.3/avr5\libgcc.a(_clzsi2.o)
 .debug_line    0x00000e83      0x18a e:/program/tools/eclipse/imt_sdk_win_64/winavr/bin/../lib/gcc/avr/4.3.3/avr5\libgcc.a(_pack_sf.o)
 .debug_line    0x0000100d      0x14b e:/program/tools/eclipse/imt_sdk_win_64/winavr/bin/../lib/gcc/avr/4.3.3/avr5\libgcc.a(_unpack_sf.o)
 .debug_line    0x00001158      0x137 e:/program/tools/eclipse/imt_sdk_win_64/winavr/bin/../lib/gcc/avr/4.3.3/avr5\libgcc.a(_fpcmp_parts_sf.o)
 .debug_line    0x0000128f       0x7c e:/program/tools/eclipse/imt_sdk_win_64/winavr/bin/../lib/gcc/avr/4.3.3/avr5\libgcc.a(_clz.o)

.debug_frame    0x00000000      0x1e0
 *(.debug_frame)
 .debug_frame   0x00000000       0x20 e:/program/tools/eclipse/imt_sdk_win_64/winavr/bin/../lib/gcc/avr/4.3.3/avr5\libgcc.a(_fixunssfsi.o)
 .debug_frame   0x00000020       0x40 e:/program/tools/eclipse/imt_sdk_win_64/winavr/bin/../lib/gcc/avr/4.3.3/avr5\libgcc.a(_addsub_sf.o)
 .debug_frame   0x00000060       0x20 e:/program/tools/eclipse/imt_sdk_win_64/winavr/bin/../lib/gcc/avr/4.3.3/avr5\libgcc.a(_mul_sf.o)
 .debug_frame   0x00000080       0x20 e:/program/tools/eclipse/imt_sdk_win_64/winavr/bin/../lib/gcc/avr/4.3.3/avr5\libgcc.a(_div_sf.o)
 .debug_frame   0x000000a0       0x20 e:/program/tools/eclipse/imt_sdk_win_64/winavr/bin/../lib/gcc/avr/4.3.3/avr5\libgcc.a(_gt_sf.o)
 .debug_frame   0x000000c0       0x20 e:/program/tools/eclipse/imt_sdk_win_64/winavr/bin/../lib/gcc/avr/4.3.3/avr5\libgcc.a(_ge_sf.o)
 .debug_frame   0x000000e0       0x20 e:/program/tools/eclipse/imt_sdk_win_64/winavr/bin/../lib/gcc/avr/4.3.3/avr5\libgcc.a(_lt_sf.o)
 .debug_frame   0x00000100       0x20 e:/program/tools/eclipse/imt_sdk_win_64/winavr/bin/../lib/gcc/avr/4.3.3/avr5\libgcc.a(_si_to_sf.o)
 .debug_frame   0x00000120       0x20 e:/program/tools/eclipse/imt_sdk_win_64/winavr/bin/../lib/gcc/avr/4.3.3/avr5\libgcc.a(_sf_to_si.o)
 .debug_frame   0x00000140       0x20 e:/program/tools/eclipse/imt_sdk_win_64/winavr/bin/../lib/gcc/avr/4.3.3/avr5\libgcc.a(_usi_to_sf.o)
 .debug_frame   0x00000160       0x20 e:/program/tools/eclipse/imt_sdk_win_64/winavr/bin/../lib/gcc/avr/4.3.3/avr5\libgcc.a(_clzsi2.o)
 .debug_frame   0x00000180       0x20 e:/program/tools/eclipse/imt_sdk_win_64/winavr/bin/../lib/gcc/avr/4.3.3/avr5\libgcc.a(_pack_sf.o)
 .debug_frame   0x000001a0       0x20 e:/program/tools/eclipse/imt_sdk_win_64/winavr/bin/../lib/gcc/avr/4.3.3/avr5\libgcc.a(_unpack_sf.o)
 .debug_frame   0x000001c0       0x20 e:/program/tools/eclipse/imt_sdk_win_64/winavr/bin/../lib/gcc/avr/4.3.3/avr5\libgcc.a(_fpcmp_parts_sf.o)

.debug_str      0x00000000      0x307
 *(.debug_str)
 .debug_str     0x00000000       0xbf e:/program/tools/eclipse/imt_sdk_win_64/winavr/bin/../lib/gcc/avr/4.3.3/avr5\libgcc.a(_fixunssfsi.o)
                                 0xfe (size before relaxing)
 .debug_str     0x000000bf      0x14d e:/program/tools/eclipse/imt_sdk_win_64/winavr/bin/../lib/gcc/avr/4.3.3/avr5\libgcc.a(_addsub_sf.o)
                                0x206 (size before relaxing)
 .debug_str     0x0000020c       0x27 e:/program/tools/eclipse/imt_sdk_win_64/winavr/bin/../lib/gcc/avr/4.3.3/avr5\libgcc.a(_mul_sf.o)
                                0x1bf (size before relaxing)
 .debug_str     0x00000233       0x35 e:/program/tools/eclipse/imt_sdk_win_64/winavr/bin/../lib/gcc/avr/4.3.3/avr5\libgcc.a(_div_sf.o)
                                0x1c8 (size before relaxing)
 .debug_str     0x00000268        0x8 e:/program/tools/eclipse/imt_sdk_win_64/winavr/bin/../lib/gcc/avr/4.3.3/avr5\libgcc.a(_gt_sf.o)
                                0x195 (size before relaxing)
 .debug_str     0x00000270        0x8 e:/program/tools/eclipse/imt_sdk_win_64/winavr/bin/../lib/gcc/avr/4.3.3/avr5\libgcc.a(_ge_sf.o)
                                0x195 (size before relaxing)
 .debug_str     0x00000278        0x8 e:/program/tools/eclipse/imt_sdk_win_64/winavr/bin/../lib/gcc/avr/4.3.3/avr5\libgcc.a(_lt_sf.o)
                                0x195 (size before relaxing)
 .debug_str     0x00000280       0x1e e:/program/tools/eclipse/imt_sdk_win_64/winavr/bin/../lib/gcc/avr/4.3.3/avr5\libgcc.a(_si_to_sf.o)
                                0x17b (size before relaxing)
 .debug_str     0x0000029e        0xa e:/program/tools/eclipse/imt_sdk_win_64/winavr/bin/../lib/gcc/avr/4.3.3/avr5\libgcc.a(_sf_to_si.o)
                                0x19e (size before relaxing)
 .debug_str     0x00000000      0x103 e:/program/tools/eclipse/imt_sdk_win_64/winavr/bin/../lib/gcc/avr/4.3.3/avr5\libgcc.a(_thenan_sf.o)
 .debug_str     0x000002a8       0x14 e:/program/tools/eclipse/imt_sdk_win_64/winavr/bin/../lib/gcc/avr/4.3.3/avr5\libgcc.a(_usi_to_sf.o)
                                0x177 (size before relaxing)
 .debug_str     0x000002bc       0x20 e:/program/tools/eclipse/imt_sdk_win_64/winavr/bin/../lib/gcc/avr/4.3.3/avr5\libgcc.a(_clzsi2.o)
                                0x111 (size before relaxing)
 .debug_str     0x000002dc       0x10 e:/program/tools/eclipse/imt_sdk_win_64/winavr/bin/../lib/gcc/avr/4.3.3/avr5\libgcc.a(_pack_sf.o)
                                0x19d (size before relaxing)
 .debug_str     0x000002ec        0xb e:/program/tools/eclipse/imt_sdk_win_64/winavr/bin/../lib/gcc/avr/4.3.3/avr5\libgcc.a(_unpack_sf.o)
                                0x17f (size before relaxing)
 .debug_str     0x000002f7       0x10 e:/program/tools/eclipse/imt_sdk_win_64/winavr/bin/../lib/gcc/avr/4.3.3/avr5\libgcc.a(_fpcmp_parts_sf.o)
                                0x163 (size before relaxing)
 .debug_str     0x00000000       0xf4 e:/program/tools/eclipse/imt_sdk_win_64/winavr/bin/../lib/gcc/avr/4.3.3/avr5\libgcc.a(_clz.o)

.debug_loc      0x00000000      0xa1a
 *(.debug_loc)
 .debug_loc     0x00000000       0x34 e:/program/tools/eclipse/imt_sdk_win_64/winavr/bin/../lib/gcc/avr/4.3.3/avr5\libgcc.a(_fixunssfsi.o)
 .debug_loc     0x00000034      0x32a e:/program/tools/eclipse/imt_sdk_win_64/winavr/bin/../lib/gcc/avr/4.3.3/avr5\libgcc.a(_addsub_sf.o)
 .debug_loc     0x0000035e      0x104 e:/program/tools/eclipse/imt_sdk_win_64/winavr/bin/../lib/gcc/avr/4.3.3/avr5\libgcc.a(_mul_sf.o)
 .debug_loc     0x00000462       0xc0 e:/program/tools/eclipse/imt_sdk_win_64/winavr/bin/../lib/gcc/avr/4.3.3/avr5\libgcc.a(_div_sf.o)
 .debug_loc     0x00000522       0x3c e:/program/tools/eclipse/imt_sdk_win_64/winavr/bin/../lib/gcc/avr/4.3.3/avr5\libgcc.a(_gt_sf.o)
 .debug_loc     0x0000055e       0x3c e:/program/tools/eclipse/imt_sdk_win_64/winavr/bin/../lib/gcc/avr/4.3.3/avr5\libgcc.a(_ge_sf.o)
 .debug_loc     0x0000059a       0x3c e:/program/tools/eclipse/imt_sdk_win_64/winavr/bin/../lib/gcc/avr/4.3.3/avr5\libgcc.a(_lt_sf.o)
 .debug_loc     0x000005d6       0xac e:/program/tools/eclipse/imt_sdk_win_64/winavr/bin/../lib/gcc/avr/4.3.3/avr5\libgcc.a(_si_to_sf.o)
 .debug_loc     0x00000682       0x7e e:/program/tools/eclipse/imt_sdk_win_64/winavr/bin/../lib/gcc/avr/4.3.3/avr5\libgcc.a(_sf_to_si.o)
 .debug_loc     0x00000700       0x4c e:/program/tools/eclipse/imt_sdk_win_64/winavr/bin/../lib/gcc/avr/4.3.3/avr5\libgcc.a(_usi_to_sf.o)
 .debug_loc     0x0000074c       0x94 e:/program/tools/eclipse/imt_sdk_win_64/winavr/bin/../lib/gcc/avr/4.3.3/avr5\libgcc.a(_clzsi2.o)
 .debug_loc     0x000007e0      0x13e e:/program/tools/eclipse/imt_sdk_win_64/winavr/bin/../lib/gcc/avr/4.3.3/avr5\libgcc.a(_pack_sf.o)
 .debug_loc     0x0000091e       0xac e:/program/tools/eclipse/imt_sdk_win_64/winavr/bin/../lib/gcc/avr/4.3.3/avr5\libgcc.a(_unpack_sf.o)
 .debug_loc     0x000009ca       0x50 e:/program/tools/eclipse/imt_sdk_win_64/winavr/bin/../lib/gcc/avr/4.3.3/avr5\libgcc.a(_fpcmp_parts_sf.o)

.debug_macinfo
 *(.debug_macinfo)
OUTPUT(AVR_Driver.elf elf32-avr)
LOAD linker stubs

.debug_ranges   0x00000000       0x50
 .debug_ranges  0x00000000       0x50 e:/program/tools/eclipse/imt_sdk_win_64/winavr/bin/../lib/gcc/avr/4.3.3/avr5\libgcc.a(_mul_sf.o)
