Archive member included because of file (symbol)

e:/program/tools/eclipse/imt_sdk_win_64/winavr/bin/../lib/gcc/avr/4.3.3/avr5\libgcc.a(_udivmodsi4.o)
                              ./HAL/LCD/LCD_prog.o (__udivmodsi4)
e:/program/tools/eclipse/imt_sdk_win_64/winavr/bin/../lib/gcc/avr/4.3.3/avr5\libgcc.a(_exit.o)
                              e:/program/tools/eclipse/imt_sdk_win_64/winavr/bin/../lib/gcc/avr/4.3.3/../../../../avr/lib/avr5/crtm32.o (exit)
e:/program/tools/eclipse/imt_sdk_win_64/winavr/bin/../lib/gcc/avr/4.3.3/avr5\libgcc.a(_copy_data.o)
                              ./freeRtos/heap_2.o (__do_copy_data)
e:/program/tools/eclipse/imt_sdk_win_64/winavr/bin/../lib/gcc/avr/4.3.3/avr5\libgcc.a(_clear_bss.o)
                              ./freeRtos/heap_2.o (__do_clear_bss)
e:/program/tools/eclipse/imt_sdk_win_64/winavr/bin/../lib/gcc/avr/4.3.3/avr5\libgcc.a(_fixunssfsi.o)
                              ./HAL/LCD/LCD_prog.o (__fixunssfsi)
e:/program/tools/eclipse/imt_sdk_win_64/winavr/bin/../lib/gcc/avr/4.3.3/avr5\libgcc.a(_addsub_sf.o)
                              e:/program/tools/eclipse/imt_sdk_win_64/winavr/bin/../lib/gcc/avr/4.3.3/avr5\libgcc.a(_fixunssfsi.o) (__subsf3)
e:/program/tools/eclipse/imt_sdk_win_64/winavr/bin/../lib/gcc/avr/4.3.3/avr5\libgcc.a(_mul_sf.o)
                              ./HAL/LM35/LM35.o (__mulsf3)
e:/program/tools/eclipse/imt_sdk_win_64/winavr/bin/../lib/gcc/avr/4.3.3/avr5\libgcc.a(_div_sf.o)
                              ./HAL/LM35/LM35.o (__divsf3)
e:/program/tools/eclipse/imt_sdk_win_64/winavr/bin/../lib/gcc/avr/4.3.3/avr5\libgcc.a(_gt_sf.o)
                              ./HAL/LCD/LCD_prog.o (__gtsf2)
e:/program/tools/eclipse/imt_sdk_win_64/winavr/bin/../lib/gcc/avr/4.3.3/avr5\libgcc.a(_ge_sf.o)
                              e:/program/tools/eclipse/imt_sdk_win_64/winavr/bin/../lib/gcc/avr/4.3.3/avr5\libgcc.a(_fixunssfsi.o) (__gesf2)
e:/program/tools/eclipse/imt_sdk_win_64/winavr/bin/../lib/gcc/avr/4.3.3/avr5\libgcc.a(_lt_sf.o)
                              ./HAL/LCD/LCD_prog.o (__ltsf2)
e:/program/tools/eclipse/imt_sdk_win_64/winavr/bin/../lib/gcc/avr/4.3.3/avr5\libgcc.a(_sf_to_si.o)
                              e:/program/tools/eclipse/imt_sdk_win_64/winavr/bin/../lib/gcc/avr/4.3.3/avr5\libgcc.a(_fixunssfsi.o) (__fixsfsi)
e:/program/tools/eclipse/imt_sdk_win_64/winavr/bin/../lib/gcc/avr/4.3.3/avr5\libgcc.a(_thenan_sf.o)
                              e:/program/tools/eclipse/imt_sdk_win_64/winavr/bin/../lib/gcc/avr/4.3.3/avr5\libgcc.a(_addsub_sf.o) (__thenan_sf)
e:/program/tools/eclipse/imt_sdk_win_64/winavr/bin/../lib/gcc/avr/4.3.3/avr5\libgcc.a(_usi_to_sf.o)
                              ./HAL/LM35/LM35.o (__floatunsisf)
e:/program/tools/eclipse/imt_sdk_win_64/winavr/bin/../lib/gcc/avr/4.3.3/avr5\libgcc.a(_prologue.o)
                              e:/program/tools/eclipse/imt_sdk_win_64/winavr/bin/../lib/gcc/avr/4.3.3/avr5\libgcc.a(_addsub_sf.o) (__prologue_saves__)
e:/program/tools/eclipse/imt_sdk_win_64/winavr/bin/../lib/gcc/avr/4.3.3/avr5\libgcc.a(_epilogue.o)
                              e:/program/tools/eclipse/imt_sdk_win_64/winavr/bin/../lib/gcc/avr/4.3.3/avr5\libgcc.a(_addsub_sf.o) (__epilogue_restores__)
e:/program/tools/eclipse/imt_sdk_win_64/winavr/bin/../lib/gcc/avr/4.3.3/avr5\libgcc.a(_clzsi2.o)
                              e:/program/tools/eclipse/imt_sdk_win_64/winavr/bin/../lib/gcc/avr/4.3.3/avr5\libgcc.a(_usi_to_sf.o) (__clzsi2)
e:/program/tools/eclipse/imt_sdk_win_64/winavr/bin/../lib/gcc/avr/4.3.3/avr5\libgcc.a(_pack_sf.o)
                              e:/program/tools/eclipse/imt_sdk_win_64/winavr/bin/../lib/gcc/avr/4.3.3/avr5\libgcc.a(_addsub_sf.o) (__pack_f)
e:/program/tools/eclipse/imt_sdk_win_64/winavr/bin/../lib/gcc/avr/4.3.3/avr5\libgcc.a(_unpack_sf.o)
                              e:/program/tools/eclipse/imt_sdk_win_64/winavr/bin/../lib/gcc/avr/4.3.3/avr5\libgcc.a(_addsub_sf.o) (__unpack_f)
e:/program/tools/eclipse/imt_sdk_win_64/winavr/bin/../lib/gcc/avr/4.3.3/avr5\libgcc.a(_fpcmp_parts_sf.o)
                              e:/program/tools/eclipse/imt_sdk_win_64/winavr/bin/../lib/gcc/avr/4.3.3/avr5\libgcc.a(_gt_sf.o) (__fpcmp_parts_f)
e:/program/tools/eclipse/imt_sdk_win_64/winavr/bin/../lib/gcc/avr/4.3.3/avr5\libgcc.a(_clz.o)
                              e:/program/tools/eclipse/imt_sdk_win_64/winavr/bin/../lib/gcc/avr/4.3.3/avr5\libgcc.a(_clzsi2.o) (__clz_tab)
e:/program/tools/eclipse/imt_sdk_win_64/winavr/bin/../lib/gcc/avr/4.3.3/../../../../avr/lib/avr5\libc.a(memcpy.o)
                              ./freeRtos/queue.o (memcpy)
e:/program/tools/eclipse/imt_sdk_win_64/winavr/bin/../lib/gcc/avr/4.3.3/../../../../avr/lib/avr5\libc.a(strcmp.o)
                              ./Application/App.o (strcmp)

Allocating common symbols
Common symbol       size              file

ADC_uint16ReadVal   0x2               ./MCAL/ADC/ADC.o
TIM2_pfCmpCallBack  0x2               ./MCAL/Timer2/Timer2.o
TIM2_pfOVFCallBack  0x2               ./MCAL/Timer2/Timer2.o
Queue_LM35          0x2               ./Application/App.o

Memory Configuration

Name             Origin             Length             Attributes
text             0x00000000         0x00020000         xr
data             0x00800060         0x0000ffa0         rw !x
eeprom           0x00810000         0x00010000         rw !x
fuse             0x00820000         0x00000400         rw !x
lock             0x00830000         0x00000400         rw !x
signature        0x00840000         0x00000400         rw !x
*default*        0x00000000         0xffffffff

Linker script and memory map

LOAD e:/program/tools/eclipse/imt_sdk_win_64/winavr/bin/../lib/gcc/avr/4.3.3/../../../../avr/lib/avr5/crtm32.o
LOAD ./freeRtos/heap_2.o
LOAD ./freeRtos/list.o
LOAD ./freeRtos/port.o
LOAD ./freeRtos/queue.o
LOAD ./freeRtos/tasks.o
LOAD ./MCAL/UART/USART_program.o
LOAD ./MCAL/Timer2/Timer2.o
LOAD ./MCAL/I2C/I2C.o
LOAD ./MCAL/GIE/GIE.o
LOAD ./MCAL/DIO/DIO_Program.o
LOAD ./MCAL/ADC/ADC.o
LOAD ./HAL/LM35/LM35.o
LOAD ./HAL/LCD/LCD_prog.o
LOAD ./HAL/EEPROM/EEPROM.o
LOAD ./Application/App.o
LOAD ./main.o
LOAD e:/program/tools/eclipse/imt_sdk_win_64/winavr/bin/../lib/gcc/avr/4.3.3/avr5\libgcc.a
LOAD e:/program/tools/eclipse/imt_sdk_win_64/winavr/bin/../lib/gcc/avr/4.3.3/../../../../avr/lib/avr5\libc.a
LOAD e:/program/tools/eclipse/imt_sdk_win_64/winavr/bin/../lib/gcc/avr/4.3.3/avr5\libgcc.a

.hash
 *(.hash)

.dynsym
 *(.dynsym)

.dynstr
 *(.dynstr)

.gnu.version
 *(.gnu.version)

.gnu.version_d
 *(.gnu.version_d)

.gnu.version_r
 *(.gnu.version_r)

.rel.init
 *(.rel.init)

.rela.init
 *(.rela.init)

.rel.text
 *(.rel.text)
 *(.rel.text.*)
 *(.rel.gnu.linkonce.t*)

.rela.text
 *(.rela.text)
 *(.rela.text.*)
 *(.rela.gnu.linkonce.t*)

.rel.fini
 *(.rel.fini)

.rela.fini
 *(.rela.fini)

.rel.rodata
 *(.rel.rodata)
 *(.rel.rodata.*)
 *(.rel.gnu.linkonce.r*)

.rela.rodata
 *(.rela.rodata)
 *(.rela.rodata.*)
 *(.rela.gnu.linkonce.r*)

.rel.data
 *(.rel.data)
 *(.rel.data.*)
 *(.rel.gnu.linkonce.d*)

.rela.data
 *(.rela.data)
 *(.rela.data.*)
 *(.rela.gnu.linkonce.d*)

.rel.ctors
 *(.rel.ctors)

.rela.ctors
 *(.rela.ctors)

.rel.dtors
 *(.rel.dtors)

.rela.dtors
 *(.rela.dtors)

.rel.got
 *(.rel.got)

.rela.got
 *(.rela.got)

.rel.bss
 *(.rel.bss)

.rela.bss
 *(.rela.bss)

.rel.plt
 *(.rel.plt)

.rela.plt
 *(.rela.plt)

.text           0x00000000     0x6718
 *(.vectors)
 .vectors       0x00000000       0x54 e:/program/tools/eclipse/imt_sdk_win_64/winavr/bin/../lib/gcc/avr/4.3.3/../../../../avr/lib/avr5/crtm32.o
                0x00000000                __vectors
                0x00000000                __vector_default
 *(.vectors)
 *(.progmem.gcc*)
 *(.progmem*)
                0x00000054                . = ALIGN (0x2)
                0x00000054                __trampolines_start = .
 *(.trampolines)
 .trampolines   0x00000054        0x0 linker stubs
 *(.trampolines*)
                0x00000054                __trampolines_end = .
 *(.jumptables)
 *(.jumptables*)
 *(.lowtext)
 *(.lowtext*)
                0x00000054                __ctors_start = .
 *(.ctors)
                0x00000054                __ctors_end = .
                0x00000054                __dtors_start = .
 *(.dtors)
                0x00000054                __dtors_end = .
 SORT(*)(.ctors)
 SORT(*)(.dtors)
 *(.init0)
 .init0         0x00000054        0x0 e:/program/tools/eclipse/imt_sdk_win_64/winavr/bin/../lib/gcc/avr/4.3.3/../../../../avr/lib/avr5/crtm32.o
                0x00000054                __init
 *(.init0)
 *(.init1)
 *(.init1)
 *(.init2)
 .init2         0x00000054        0xc e:/program/tools/eclipse/imt_sdk_win_64/winavr/bin/../lib/gcc/avr/4.3.3/../../../../avr/lib/avr5/crtm32.o
 *(.init2)
 *(.init3)
 *(.init3)
 *(.init4)
 .init4         0x00000060       0x16 e:/program/tools/eclipse/imt_sdk_win_64/winavr/bin/../lib/gcc/avr/4.3.3/avr5\libgcc.a(_copy_data.o)
                0x00000060                __do_copy_data
 .init4         0x00000076       0x10 e:/program/tools/eclipse/imt_sdk_win_64/winavr/bin/../lib/gcc/avr/4.3.3/avr5\libgcc.a(_clear_bss.o)
                0x00000076                __do_clear_bss
 *(.init4)
 *(.init5)
 *(.init5)
 *(.init6)
 *(.init6)
 *(.init7)
 *(.init7)
 *(.init8)
 *(.init8)
 *(.init9)
 .init9         0x00000086        0x8 e:/program/tools/eclipse/imt_sdk_win_64/winavr/bin/../lib/gcc/avr/4.3.3/../../../../avr/lib/avr5/crtm32.o
 *(.init9)
 *(.text)
 .text          0x0000008e        0x4 e:/program/tools/eclipse/imt_sdk_win_64/winavr/bin/../lib/gcc/avr/4.3.3/../../../../avr/lib/avr5/crtm32.o
                0x0000008e                __vector_1
                0x0000008e                __vector_12
                0x0000008e                __bad_interrupt
                0x0000008e                __vector_6
                0x0000008e                __vector_3
                0x0000008e                __vector_11
                0x0000008e                __vector_13
                0x0000008e                __vector_17
                0x0000008e                __vector_19
                0x0000008e                __vector_9
                0x0000008e                __vector_2
                0x0000008e                __vector_15
                0x0000008e                __vector_8
                0x0000008e                __vector_14
                0x0000008e                __vector_10
                0x0000008e                __vector_18
                0x0000008e                __vector_20
 .text          0x00000092        0x0 ./freeRtos/heap_2.o
 .text          0x00000092        0x0 ./freeRtos/list.o
 .text          0x00000092        0x0 ./freeRtos/port.o
 .text          0x00000092        0x0 ./freeRtos/queue.o
 .text          0x00000092        0x0 ./freeRtos/tasks.o
 .text          0x00000092        0x0 ./MCAL/UART/USART_program.o
 .text          0x00000092        0x0 ./MCAL/Timer2/Timer2.o
 .text          0x00000092        0x0 ./MCAL/I2C/I2C.o
 .text          0x00000092        0x0 ./MCAL/GIE/GIE.o
 .text          0x00000092        0x0 ./MCAL/DIO/DIO_Program.o
 .text          0x00000092        0x0 ./MCAL/ADC/ADC.o
 .text          0x00000092        0x0 ./HAL/LM35/LM35.o
 .text          0x00000092        0x0 ./HAL/LCD/LCD_prog.o
 .text          0x00000092        0x0 ./HAL/EEPROM/EEPROM.o
 .text          0x00000092        0x0 ./Application/App.o
 .text          0x00000092        0x0 ./main.o
 .text          0x00000092        0x0 e:/program/tools/eclipse/imt_sdk_win_64/winavr/bin/../lib/gcc/avr/4.3.3/avr5\libgcc.a(_udivmodsi4.o)
 .text          0x00000092        0x0 e:/program/tools/eclipse/imt_sdk_win_64/winavr/bin/../lib/gcc/avr/4.3.3/avr5\libgcc.a(_exit.o)
 .text          0x00000092        0x0 e:/program/tools/eclipse/imt_sdk_win_64/winavr/bin/../lib/gcc/avr/4.3.3/avr5\libgcc.a(_copy_data.o)
 .text          0x00000092        0x0 e:/program/tools/eclipse/imt_sdk_win_64/winavr/bin/../lib/gcc/avr/4.3.3/avr5\libgcc.a(_clear_bss.o)
 .text          0x00000092       0x58 e:/program/tools/eclipse/imt_sdk_win_64/winavr/bin/../lib/gcc/avr/4.3.3/avr5\libgcc.a(_fixunssfsi.o)
                0x00000092                __fixunssfsi
 .text          0x000000ea      0x354 e:/program/tools/eclipse/imt_sdk_win_64/winavr/bin/../lib/gcc/avr/4.3.3/avr5\libgcc.a(_addsub_sf.o)
                0x00000382                __subsf3
                0x000003e4                __addsf3
 .text          0x0000043e      0x1f4 e:/program/tools/eclipse/imt_sdk_win_64/winavr/bin/../lib/gcc/avr/4.3.3/avr5\libgcc.a(_mul_sf.o)
                0x0000043e                __mulsf3
 .text          0x00000632      0x158 e:/program/tools/eclipse/imt_sdk_win_64/winavr/bin/../lib/gcc/avr/4.3.3/avr5\libgcc.a(_div_sf.o)
                0x00000632                __divsf3
 .text          0x0000078a       0x60 e:/program/tools/eclipse/imt_sdk_win_64/winavr/bin/../lib/gcc/avr/4.3.3/avr5\libgcc.a(_gt_sf.o)
                0x0000078a                __gtsf2
 .text          0x000007ea       0x60 e:/program/tools/eclipse/imt_sdk_win_64/winavr/bin/../lib/gcc/avr/4.3.3/avr5\libgcc.a(_ge_sf.o)
                0x000007ea                __gesf2
 .text          0x0000084a       0x60 e:/program/tools/eclipse/imt_sdk_win_64/winavr/bin/../lib/gcc/avr/4.3.3/avr5\libgcc.a(_lt_sf.o)
                0x0000084a                __ltsf2
 .text          0x000008aa       0xa8 e:/program/tools/eclipse/imt_sdk_win_64/winavr/bin/../lib/gcc/avr/4.3.3/avr5\libgcc.a(_sf_to_si.o)
                0x000008aa                __fixsfsi
 .text          0x00000952        0x0 e:/program/tools/eclipse/imt_sdk_win_64/winavr/bin/../lib/gcc/avr/4.3.3/avr5\libgcc.a(_thenan_sf.o)
 .text          0x00000952       0xf2 e:/program/tools/eclipse/imt_sdk_win_64/winavr/bin/../lib/gcc/avr/4.3.3/avr5\libgcc.a(_usi_to_sf.o)
                0x00000952                __floatunsisf
 .text          0x00000a44        0x0 e:/program/tools/eclipse/imt_sdk_win_64/winavr/bin/../lib/gcc/avr/4.3.3/avr5\libgcc.a(_prologue.o)
 .text          0x00000a44        0x0 e:/program/tools/eclipse/imt_sdk_win_64/winavr/bin/../lib/gcc/avr/4.3.3/avr5\libgcc.a(_epilogue.o)
 .text          0x00000a44       0x9e e:/program/tools/eclipse/imt_sdk_win_64/winavr/bin/../lib/gcc/avr/4.3.3/avr5\libgcc.a(_clzsi2.o)
                0x00000a44                __clzsi2
 .text          0x00000ae2      0x1aa e:/program/tools/eclipse/imt_sdk_win_64/winavr/bin/../lib/gcc/avr/4.3.3/avr5\libgcc.a(_pack_sf.o)
                0x00000ae2                __pack_f
 .text          0x00000c8c       0xf0 e:/program/tools/eclipse/imt_sdk_win_64/winavr/bin/../lib/gcc/avr/4.3.3/avr5\libgcc.a(_unpack_sf.o)
                0x00000c8c                __unpack_f
 .text          0x00000d7c       0xb2 e:/program/tools/eclipse/imt_sdk_win_64/winavr/bin/../lib/gcc/avr/4.3.3/avr5\libgcc.a(_fpcmp_parts_sf.o)
                0x00000d7c                __fpcmp_parts_f
 .text          0x00000e2e        0x0 e:/program/tools/eclipse/imt_sdk_win_64/winavr/bin/../lib/gcc/avr/4.3.3/avr5\libgcc.a(_clz.o)
 .text          0x00000e2e        0x0 e:/program/tools/eclipse/imt_sdk_win_64/winavr/bin/../lib/gcc/avr/4.3.3/../../../../avr/lib/avr5\libc.a(memcpy.o)
 .text          0x00000e2e        0x0 e:/program/tools/eclipse/imt_sdk_win_64/winavr/bin/../lib/gcc/avr/4.3.3/../../../../avr/lib/avr5\libc.a(strcmp.o)
                0x00000e2e                . = ALIGN (0x2)
 *(.text.*)
 .text.pvPortMalloc
                0x00000e2e      0x1d0 ./freeRtos/heap_2.o
                0x00000e2e                pvPortMalloc
 .text.vPortFree
                0x00000ffe       0xda ./freeRtos/heap_2.o
                0x00000ffe                vPortFree
 .text.xPortGetFreeHeapSize
                0x000010d8       0x16 ./freeRtos/heap_2.o
                0x000010d8                xPortGetFreeHeapSize
 .text.vPortInitialiseBlocks
                0x000010ee        0xe ./freeRtos/heap_2.o
                0x000010ee                vPortInitialiseBlocks
 .text.prvHeapInit
                0x000010fc       0x6a ./freeRtos/heap_2.o
 .text.vListInitialise
                0x00001166       0x54 ./freeRtos/list.o
                0x00001166                vListInitialise
 .text.vListInitialiseItem
                0x000011ba       0x20 ./freeRtos/list.o
                0x000011ba                vListInitialiseItem
 .text.vListInsertEnd
                0x000011da       0x88 ./freeRtos/list.o
                0x000011da                vListInsertEnd
 .text.vListInsert
                0x00001262       0xd8 ./freeRtos/list.o
                0x00001262                vListInsert
 .text.uxListRemove
                0x0000133a       0x98 ./freeRtos/list.o
                0x0000133a                uxListRemove
 .text.pxPortInitialiseStack
                0x000013d2      0x306 ./freeRtos/port.o
                0x000013d2                pxPortInitialiseStack
 .text.xPortStartScheduler
                0x000016d8       0x6a ./freeRtos/port.o
                0x000016d8                xPortStartScheduler
 .text.vPortEndScheduler
                0x00001742        0xe ./freeRtos/port.o
                0x00001742                vPortEndScheduler
 .text.vPortYield
                0x00001750       0xb2 ./freeRtos/port.o
                0x00001750                vPortYield
 .text.vPortYieldFromTick
                0x00001802       0xba ./freeRtos/port.o
                0x00001802                vPortYieldFromTick
 .text.prvSetupTimerInterrupt
                0x000018bc       0xb8 ./freeRtos/port.o
 .text.__vector_7
                0x00001974        0x6 ./freeRtos/port.o
                0x00001974                __vector_7
 .text.xQueueGenericReset
                0x0000197a      0x10c ./freeRtos/queue.o
                0x0000197a                xQueueGenericReset
 .text.xQueueGenericCreate
                0x00001a86       0x9a ./freeRtos/queue.o
                0x00001a86                xQueueGenericCreate
 .text.prvInitialiseNewQueue
                0x00001b20       0x76 ./freeRtos/queue.o
 .text.prvInitialiseMutex
                0x00001b96       0x48 ./freeRtos/queue.o
 .text.xQueueCreateMutex
                0x00001bde       0x40 ./freeRtos/queue.o
                0x00001bde                xQueueCreateMutex
 .text.xQueueGenericSend
                0x00001c1e      0x158 ./freeRtos/queue.o
                0x00001c1e                xQueueGenericSend
 .text.xQueueGenericSendFromISR
                0x00001d76       0xb0 ./freeRtos/queue.o
                0x00001d76                xQueueGenericSendFromISR
 .text.xQueueGiveFromISR
                0x00001e26       0xa2 ./freeRtos/queue.o
                0x00001e26                xQueueGiveFromISR
 .text.xQueueGenericReceive
                0x00001ec8      0x1d0 ./freeRtos/queue.o
                0x00001ec8                xQueueGenericReceive
 .text.xQueueReceiveFromISR
                0x00002098       0xae ./freeRtos/queue.o
                0x00002098                xQueueReceiveFromISR
 .text.xQueuePeekFromISR
                0x00002146       0x72 ./freeRtos/queue.o
                0x00002146                xQueuePeekFromISR
 .text.uxQueueMessagesWaiting
                0x000021b8       0x30 ./freeRtos/queue.o
                0x000021b8                uxQueueMessagesWaiting
 .text.uxQueueSpacesAvailable
                0x000021e8       0x4a ./freeRtos/queue.o
                0x000021e8                uxQueueSpacesAvailable
 .text.uxQueueMessagesWaitingFromISR
                0x00002232       0x26 ./freeRtos/queue.o
                0x00002232                uxQueueMessagesWaitingFromISR
 .text.vQueueDelete
                0x00002258       0x2e ./freeRtos/queue.o
                0x00002258                vQueueDelete
 .text.prvCopyDataToQueue
                0x00002286      0x170 ./freeRtos/queue.o
 .text.prvCopyDataFromQueue
                0x000023f6       0x8e ./freeRtos/queue.o
 .text.prvUnlockQueue
                0x00002484       0xa6 ./freeRtos/queue.o
 .text.prvIsQueueEmpty
                0x0000252a       0x3a ./freeRtos/queue.o
 .text.xQueueIsQueueEmptyFromISR
                0x00002564       0x30 ./freeRtos/queue.o
                0x00002564                xQueueIsQueueEmptyFromISR
 .text.prvIsQueueFull
                0x00002594       0x40 ./freeRtos/queue.o
 .text.xQueueIsQueueFullFromISR
                0x000025d4       0x36 ./freeRtos/queue.o
                0x000025d4                xQueueIsQueueFullFromISR
 .text.xTaskCreate
                0x0000260a       0xf0 ./freeRtos/tasks.o
                0x0000260a                xTaskCreate
 .text.prvInitialiseNewTask
                0x000026fa      0x176 ./freeRtos/tasks.o
 .text.prvAddNewTaskToReadyList
                0x00002870       0xf0 ./freeRtos/tasks.o
 .text.vTaskDelete
                0x00002960       0xe4 ./freeRtos/tasks.o
                0x00002960                vTaskDelete
 .text.vTaskDelayUntil
                0x00002a44       0xe4 ./freeRtos/tasks.o
                0x00002a44                vTaskDelayUntil
 .text.vTaskDelay
                0x00002b28       0x44 ./freeRtos/tasks.o
                0x00002b28                vTaskDelay
 .text.vTaskPrioritySet
                0x00002b6c      0x194 ./freeRtos/tasks.o
                0x00002b6c                vTaskPrioritySet
 .text.vTaskSuspend
                0x00002d00       0xd8 ./freeRtos/tasks.o
                0x00002d00                vTaskSuspend
 .text.prvTaskIsTaskSuspended
                0x00002dd8       0x5e ./freeRtos/tasks.o
 .text.vTaskResume
                0x00002e36       0xc8 ./freeRtos/tasks.o
                0x00002e36                vTaskResume
 .text.xTaskResumeFromISR
                0x00002efe       0xcc ./freeRtos/tasks.o
                0x00002efe                xTaskResumeFromISR
 .text.vTaskStartScheduler
                0x00002fca       0x64 ./freeRtos/tasks.o
                0x00002fca                vTaskStartScheduler
 .text.vTaskEndScheduler
                0x0000302e       0x18 ./freeRtos/tasks.o
                0x0000302e                vTaskEndScheduler
 .text.vTaskSuspendAll
                0x00003046       0x18 ./freeRtos/tasks.o
                0x00003046                vTaskSuspendAll
 .text.xTaskResumeAll
                0x0000305e      0x126 ./freeRtos/tasks.o
                0x0000305e                xTaskResumeAll
 .text.xTaskGetTickCount
                0x00003184       0x2e ./freeRtos/tasks.o
                0x00003184                xTaskGetTickCount
 .text.xTaskGetTickCountFromISR
                0x000031b2       0x2a ./freeRtos/tasks.o
                0x000031b2                xTaskGetTickCountFromISR
 .text.uxTaskGetNumberOfTasks
                0x000031dc       0x12 ./freeRtos/tasks.o
                0x000031dc                uxTaskGetNumberOfTasks
 .text.pcTaskGetName
                0x000031ee       0x50 ./freeRtos/tasks.o
                0x000031ee                pcTaskGetName
 .text.xTaskIncrementTick
                0x0000323e      0x1ca ./freeRtos/tasks.o
                0x0000323e                xTaskIncrementTick
 .text.vTaskSwitchContext
                0x00003408       0xda ./freeRtos/tasks.o
                0x00003408                vTaskSwitchContext
 .text.vTaskPlaceOnEventList
                0x000034e2       0x44 ./freeRtos/tasks.o
                0x000034e2                vTaskPlaceOnEventList
 .text.vTaskPlaceOnUnorderedEventList
                0x00003526       0x60 ./freeRtos/tasks.o
                0x00003526                vTaskPlaceOnUnorderedEventList
 .text.xTaskRemoveFromEventList
                0x00003586       0xd6 ./freeRtos/tasks.o
                0x00003586                xTaskRemoveFromEventList
 .text.xTaskRemoveFromUnorderedEventList
                0x0000365c       0xca ./freeRtos/tasks.o
                0x0000365c                xTaskRemoveFromUnorderedEventList
 .text.vTaskSetTimeOutState
                0x00003726       0x32 ./freeRtos/tasks.o
                0x00003726                vTaskSetTimeOutState
 .text.xTaskCheckForTimeOut
                0x00003758       0xda ./freeRtos/tasks.o
                0x00003758                xTaskCheckForTimeOut
 .text.vTaskMissedYield
                0x00003832       0x14 ./freeRtos/tasks.o
                0x00003832                vTaskMissedYield
 .text.prvIdleTask
                0x00003846       0x14 ./freeRtos/tasks.o
 .text.prvInitialiseTaskLists
                0x0000385a       0x82 ./freeRtos/tasks.o
 .text.prvCheckTasksWaitingTermination
                0x000038dc       0x7e ./freeRtos/tasks.o
 .text.prvDeleteTCB
                0x0000395a       0x2c ./freeRtos/tasks.o
 .text.prvResetNextTaskUnblockTime
                0x00003986       0x56 ./freeRtos/tasks.o
 .text.xTaskGetCurrentTaskHandle
                0x000039dc       0x24 ./freeRtos/tasks.o
                0x000039dc                xTaskGetCurrentTaskHandle
 .text.vTaskPriorityInherit
                0x00003a00      0x116 ./freeRtos/tasks.o
                0x00003a00                vTaskPriorityInherit
 .text.xTaskPriorityDisinherit
                0x00003b16       0xe4 ./freeRtos/tasks.o
                0x00003b16                xTaskPriorityDisinherit
 .text.uxTaskResetEventItemValue
                0x00003bfa       0x4e ./freeRtos/tasks.o
                0x00003bfa                uxTaskResetEventItemValue
 .text.pvTaskIncrementMutexHeldCount
                0x00003c48       0x30 ./freeRtos/tasks.o
                0x00003c48                pvTaskIncrementMutexHeldCount
 .text.ulTaskNotifyTake
                0x00003c78       0xee ./freeRtos/tasks.o
                0x00003c78                ulTaskNotifyTake
 .text.xTaskNotifyWait
                0x00003d66      0x138 ./freeRtos/tasks.o
                0x00003d66                xTaskNotifyWait
 .text.xTaskGenericNotify
                0x00003e9e      0x1ba ./freeRtos/tasks.o
                0x00003e9e                xTaskGenericNotify
 .text.xTaskGenericNotifyFromISR
                0x00004058      0x1f2 ./freeRtos/tasks.o
                0x00004058                xTaskGenericNotifyFromISR
 .text.vTaskNotifyGiveFromISR
                0x0000424a      0x10e ./freeRtos/tasks.o
                0x0000424a                vTaskNotifyGiveFromISR
 .text.xTaskNotifyStateClear
                0x00004358       0x74 ./freeRtos/tasks.o
                0x00004358                xTaskNotifyStateClear
 .text.prvAddCurrentTaskToDelayedList
                0x000043cc       0xf8 ./freeRtos/tasks.o
 .text.UART_voidInit
                0x000044c4       0x6a ./MCAL/UART/USART_program.o
                0x000044c4                UART_voidInit
 .text.UART_voidSend
                0x0000452e       0x38 ./MCAL/UART/USART_program.o
                0x0000452e                UART_voidSend
 .text.UART_enuRecieve
                0x00004566       0x5a ./MCAL/UART/USART_program.o
                0x00004566                UART_enuRecieve
 .text.UART_voidSendString
                0x000045c0       0x52 ./MCAL/UART/USART_program.o
                0x000045c0                UART_voidSendString
 .text.UART_voidEnableIntRXComp
                0x00004612        0xe ./MCAL/UART/USART_program.o
                0x00004612                UART_voidEnableIntRXComp
 .text.UART_voidDisableIntRXComp
                0x00004620        0xe ./MCAL/UART/USART_program.o
                0x00004620                UART_voidDisableIntRXComp
 .text.UART_voidEnableIntTXComp
                0x0000462e        0xe ./MCAL/UART/USART_program.o
                0x0000462e                UART_voidEnableIntTXComp
 .text.UART_voidDisableIntTXComp
                0x0000463c        0xe ./MCAL/UART/USART_program.o
                0x0000463c                UART_voidDisableIntTXComp
 .text.UART_voidEnableIntTXEmpty
                0x0000464a        0xe ./MCAL/UART/USART_program.o
                0x0000464a                UART_voidEnableIntTXEmpty
 .text.UART_voidDisableIntTXEmpty
                0x00004658        0xe ./MCAL/UART/USART_program.o
                0x00004658                UART_voidDisableIntTXEmpty
 .text.TIM2_voidinit
                0x00004666       0x46 ./MCAL/Timer2/Timer2.o
                0x00004666                TIM2_voidinit
 .text.TIM2_ExtClkEnable
                0x000046ac       0x1c ./MCAL/Timer2/Timer2.o
                0x000046ac                TIM2_ExtClkEnable
 .text.TIM2_ExtClkDisable
                0x000046c8       0x1c ./MCAL/Timer2/Timer2.o
                0x000046c8                TIM2_ExtClkDisable
 .text.TIM2_voidEnable
                0x000046e4       0x36 ./MCAL/Timer2/Timer2.o
                0x000046e4                TIM2_voidEnable
 .text.TIM2_voidDisable
                0x0000471a       0x1c ./MCAL/Timer2/Timer2.o
                0x0000471a                TIM2_voidDisable
 .text.TIM2_voidEnableOvfINt
                0x00004736       0x1c ./MCAL/Timer2/Timer2.o
                0x00004736                TIM2_voidEnableOvfINt
 .text.TIM2_voidDisableOvfINt
                0x00004752       0x1c ./MCAL/Timer2/Timer2.o
                0x00004752                TIM2_voidDisableOvfINt
 .text.TIM2_voidEnableComparINt
                0x0000476e       0x1c ./MCAL/Timer2/Timer2.o
                0x0000476e                TIM2_voidEnableComparINt
 .text.TIM2_voidDisableCompareINt
                0x0000478a       0x1c ./MCAL/Timer2/Timer2.o
                0x0000478a                TIM2_voidDisableCompareINt
 .text.TIM2_voidSetCallBackOvfInt
                0x000047a6       0x24 ./MCAL/Timer2/Timer2.o
                0x000047a6                TIM2_voidSetCallBackOvfInt
 .text.TIM2_voidSetCallBackCompareInt
                0x000047ca       0x24 ./MCAL/Timer2/Timer2.o
                0x000047ca                TIM2_voidSetCallBackCompareInt
 .text.TIM2_voidSetTCNTValue
                0x000047ee       0x1c ./MCAL/Timer2/Timer2.o
                0x000047ee                TIM2_voidSetTCNTValue
 .text.TIM2_voidSetOCRValue
                0x0000480a       0x1c ./MCAL/Timer2/Timer2.o
                0x0000480a                TIM2_voidSetOCRValue
 .text.TIM2_u8ReadTcntReg
                0x00004826       0x14 ./MCAL/Timer2/Timer2.o
                0x00004826                TIM2_u8ReadTcntReg
 .text.TIM2_voidChangMode
                0x0000483a       0x14 ./MCAL/Timer2/Timer2.o
                0x0000483a                TIM2_voidChangMode
 .text.__vector_5
                0x0000484e       0x5a ./MCAL/Timer2/Timer2.o
                0x0000484e                __vector_5
 .text.__vector_4
                0x000048a8       0x5a ./MCAL/Timer2/Timer2.o
                0x000048a8                __vector_4
 .text.I2C_voidInit
                0x00004902       0x3e ./MCAL/I2C/I2C.o
                0x00004902                I2C_voidInit
 .text.I2C_voidStart
                0x00004940       0x20 ./MCAL/I2C/I2C.o
                0x00004940                I2C_voidStart
 .text.I2C_u8GetStatus
                0x00004960       0x16 ./MCAL/I2C/I2C.o
                0x00004960                I2C_u8GetStatus
 .text.I2C_voidWrite
                0x00004976       0x2e ./MCAL/I2C/I2C.o
                0x00004976                I2C_voidWrite
 .text.I2C_voidStop
                0x000049a4       0x16 ./MCAL/I2C/I2C.o
                0x000049a4                I2C_voidStop
 .text.I2C_u8ReadWithoutAck
                0x000049ba       0x26 ./MCAL/I2C/I2C.o
                0x000049ba                I2C_u8ReadWithoutAck
 .text.I2C_u8ReadWithAck
                0x000049e0       0x26 ./MCAL/I2C/I2C.o
                0x000049e0                I2C_u8ReadWithAck
 .text.GIE_voidEnable
                0x00004a06       0x1c ./MCAL/GIE/GIE.o
                0x00004a06                GIE_voidEnable
 .text.GIE_voidDisable
                0x00004a22       0x1c ./MCAL/GIE/GIE.o
                0x00004a22                GIE_voidDisable
 .text.DIO_Init
                0x00004a3e       0x2e ./MCAL/DIO/DIO_Program.o
                0x00004a3e                DIO_Init
 .text.DIO_enuTogglePin
                0x00004a6c       0xfa ./MCAL/DIO/DIO_Program.o
                0x00004a6c                DIO_enuTogglePin
 .text.DIO_enuWritePin
                0x00004b66      0x210 ./MCAL/DIO/DIO_Program.o
                0x00004b66                DIO_enuWritePin
 .text.DIO_enuReadPin
                0x00004d76       0xfe ./MCAL/DIO/DIO_Program.o
                0x00004d76                DIO_enuReadPin
 .text.DIO_enuStatePullup
                0x00004e74      0x210 ./MCAL/DIO/DIO_Program.o
                0x00004e74                DIO_enuStatePullup
 .text.DIO_enuWriteGroup
                0x00005084       0x74 ./MCAL/DIO/DIO_Program.o
                0x00005084                DIO_enuWriteGroup
 .text.DIO_enuWritePort
                0x000050f8       0x90 ./MCAL/DIO/DIO_Program.o
                0x000050f8                DIO_enuWritePort
 .text.ADC_voidInit
                0x00005188       0x70 ./MCAL/ADC/ADC.o
                0x00005188                ADC_voidInit
 .text.ADC_voidEnable
                0x000051f8       0x1c ./MCAL/ADC/ADC.o
                0x000051f8                ADC_voidEnable
 .text.ADC_voidDisable
                0x00005214       0x1c ./MCAL/ADC/ADC.o
                0x00005214                ADC_voidDisable
 .text.ADC_voidEnableInterrupt
                0x00005230       0x1c ./MCAL/ADC/ADC.o
                0x00005230                ADC_voidEnableInterrupt
 .text.ADC_voidDisableInterrupt
                0x0000524c       0x1c ./MCAL/ADC/ADC.o
                0x0000524c                ADC_voidDisableInterrupt
 .text.ADC_voidSetCallback
                0x00005268       0x24 ./MCAL/ADC/ADC.o
                0x00005268                ADC_voidSetCallback
 .text.ADC_voidStartConversion
                0x0000528c       0x4e ./MCAL/ADC/ADC.o
                0x0000528c                ADC_voidStartConversion
 .text.ADC_voidChangeMode
                0x000052da       0x54 ./MCAL/ADC/ADC.o
                0x000052da                ADC_voidChangeMode
 .text.ADC_u16ReadSync
                0x0000532e       0x72 ./MCAL/ADC/ADC.o
                0x0000532e                ADC_u16ReadSync
 .text.ADC_u16ReadAsync
                0x000053a0       0x16 ./MCAL/ADC/ADC.o
                0x000053a0                ADC_u16ReadAsync
 .text.__vector_16
                0x000053b6       0x9c ./MCAL/ADC/ADC.o
                0x000053b6                __vector_16
 .text.LM35_vidinit
                0x00005452       0x16 ./HAL/LM35/LM35.o
                0x00005452                LM35_vidinit
 .text.LM35_f32Reading
                0x00005468       0x98 ./HAL/LM35/LM35.o
                0x00005468                LM35_f32Reading
 .text.LCD_voidSHD
                0x00005500       0x7c ./HAL/LCD/LCD_prog.o
                0x00005500                LCD_voidSHD
 .text.LCD_voidSendEnable
                0x0000557c      0x11a ./HAL/LCD/LCD_prog.o
                0x0000557c                LCD_voidSendEnable
 .text.LCD_voidSendData
                0x00005696       0x3c ./HAL/LCD/LCD_prog.o
                0x00005696                LCD_voidSendData
 .text.LCD_voidSendCommand
                0x000056d2       0x3c ./HAL/LCD/LCD_prog.o
                0x000056d2                LCD_voidSendCommand
 .text.LCD_voidInit
                0x0000570e      0x134 ./HAL/LCD/LCD_prog.o
                0x0000570e                LCD_voidInit
 .text.LCD_voidSendString
                0x00005842       0x52 ./HAL/LCD/LCD_prog.o
                0x00005842                LCD_voidSendString
 .text.LCD_voidGotoxy
                0x00005894       0x48 ./HAL/LCD/LCD_prog.o
                0x00005894                LCD_voidGotoxy
 .text.LCD_voidDrawData
                0x000058dc       0x8c ./HAL/LCD/LCD_prog.o
                0x000058dc                LCD_voidDrawData
 .text.LCD_voidSendNumber
                0x00005968       0xf2 ./HAL/LCD/LCD_prog.o
                0x00005968                LCD_voidSendNumber
 .text.EEPROM_enuWriteByte
                0x00005a5a       0x80 ./HAL/EEPROM/EEPROM.o
                0x00005a5a                EEPROM_enuWriteByte
 .text.EEPROM_enuReadByte
                0x00005ada       0x9c ./HAL/EEPROM/EEPROM.o
                0x00005ada                EEPROM_enuReadByte
 .text.AppStart
                0x00005b76       0xc8 ./Application/App.o
                0x00005b76                AppStart
 .text.vLogin   0x00005c3e      0x8b0 ./Application/App.o
                0x00005c3e                vLogin
 .text.vLM35    0x000064ee       0x5c ./Application/App.o
                0x000064ee                vLM35
 .text.vFAN     0x0000654a       0xde ./Application/App.o
                0x0000654a                vFAN
 .text.main     0x00006628       0x16 ./main.o
                0x00006628                main
 .text.libgcc   0x0000663e       0x44 e:/program/tools/eclipse/imt_sdk_win_64/winavr/bin/../lib/gcc/avr/4.3.3/avr5\libgcc.a(_udivmodsi4.o)
                0x0000663e                __udivmodsi4
 .text.libgcc   0x00006682        0x0 e:/program/tools/eclipse/imt_sdk_win_64/winavr/bin/../lib/gcc/avr/4.3.3/avr5\libgcc.a(_exit.o)
 .text.libgcc   0x00006682        0x0 e:/program/tools/eclipse/imt_sdk_win_64/winavr/bin/../lib/gcc/avr/4.3.3/avr5\libgcc.a(_copy_data.o)
 .text.libgcc   0x00006682        0x0 e:/program/tools/eclipse/imt_sdk_win_64/winavr/bin/../lib/gcc/avr/4.3.3/avr5\libgcc.a(_clear_bss.o)
 .text.libgcc   0x00006682       0x38 e:/program/tools/eclipse/imt_sdk_win_64/winavr/bin/../lib/gcc/avr/4.3.3/avr5\libgcc.a(_prologue.o)
                0x00006682                __prologue_saves__
 .text.libgcc   0x000066ba       0x36 e:/program/tools/eclipse/imt_sdk_win_64/winavr/bin/../lib/gcc/avr/4.3.3/avr5\libgcc.a(_epilogue.o)
                0x000066ba                __epilogue_restores__
 .text.avr-libc
                0x000066f0       0x12 e:/program/tools/eclipse/imt_sdk_win_64/winavr/bin/../lib/gcc/avr/4.3.3/../../../../avr/lib/avr5\libc.a(memcpy.o)
                0x000066f0                memcpy
 .text.avr-libc
                0x00006702       0x12 e:/program/tools/eclipse/imt_sdk_win_64/winavr/bin/../lib/gcc/avr/4.3.3/../../../../avr/lib/avr5\libc.a(strcmp.o)
                0x00006702                strcmp
                0x00006714                . = ALIGN (0x2)
 *(.fini9)
 .fini9         0x00006714        0x0 e:/program/tools/eclipse/imt_sdk_win_64/winavr/bin/../lib/gcc/avr/4.3.3/avr5\libgcc.a(_exit.o)
                0x00006714                exit
                0x00006714                _exit
 *(.fini9)
 *(.fini8)
 *(.fini8)
 *(.fini7)
 *(.fini7)
 *(.fini6)
 *(.fini6)
 *(.fini5)
 *(.fini5)
 *(.fini4)
 *(.fini4)
 *(.fini3)
 *(.fini3)
 *(.fini2)
 *(.fini2)
 *(.fini1)
 *(.fini1)
 *(.fini0)
 .fini0         0x00006714        0x4 e:/program/tools/eclipse/imt_sdk_win_64/winavr/bin/../lib/gcc/avr/4.3.3/avr5\libgcc.a(_exit.o)
 *(.fini0)
                0x00006718                _etext = .

.data           0x00800060      0x1ec load address 0x00006718
                0x00800060                PROVIDE (__data_start, .)
 *(.data)
 .data          0x00800060        0x0 e:/program/tools/eclipse/imt_sdk_win_64/winavr/bin/../lib/gcc/avr/4.3.3/../../../../avr/lib/avr5/crtm32.o
 .data          0x00800060        0x0 ./freeRtos/heap_2.o
 .data          0x00800060        0x0 ./freeRtos/list.o
 .data          0x00800060        0x0 ./freeRtos/port.o
 .data          0x00800060        0x0 ./freeRtos/queue.o
 .data          0x00800060        0x5 ./freeRtos/tasks.o
 .data          0x00800065        0x0 ./MCAL/UART/USART_program.o
 .data          0x00800065        0x0 ./MCAL/Timer2/Timer2.o
 .data          0x00800065        0x0 ./MCAL/I2C/I2C.o
 .data          0x00800065        0x0 ./MCAL/GIE/GIE.o
 .data          0x00800065        0x0 ./MCAL/DIO/DIO_Program.o
 .data          0x00800065        0x0 ./MCAL/ADC/ADC.o
 .data          0x00800065        0x0 ./HAL/LM35/LM35.o
 .data          0x00800065        0x0 ./HAL/LCD/LCD_prog.o
 .data          0x00800065        0x0 ./HAL/EEPROM/EEPROM.o
 .data          0x00800065       0x7e ./Application/App.o
 .data          0x008000e3        0x0 ./main.o
 .data          0x008000e3        0x0 e:/program/tools/eclipse/imt_sdk_win_64/winavr/bin/../lib/gcc/avr/4.3.3/avr5\libgcc.a(_udivmodsi4.o)
 .data          0x008000e3        0x0 e:/program/tools/eclipse/imt_sdk_win_64/winavr/bin/../lib/gcc/avr/4.3.3/avr5\libgcc.a(_exit.o)
 .data          0x008000e3        0x0 e:/program/tools/eclipse/imt_sdk_win_64/winavr/bin/../lib/gcc/avr/4.3.3/avr5\libgcc.a(_copy_data.o)
 .data          0x008000e3        0x0 e:/program/tools/eclipse/imt_sdk_win_64/winavr/bin/../lib/gcc/avr/4.3.3/avr5\libgcc.a(_clear_bss.o)
 .data          0x008000e3        0x0 e:/program/tools/eclipse/imt_sdk_win_64/winavr/bin/../lib/gcc/avr/4.3.3/avr5\libgcc.a(_fixunssfsi.o)
 .data          0x008000e3        0x0 e:/program/tools/eclipse/imt_sdk_win_64/winavr/bin/../lib/gcc/avr/4.3.3/avr5\libgcc.a(_addsub_sf.o)
 .data          0x008000e3        0x0 e:/program/tools/eclipse/imt_sdk_win_64/winavr/bin/../lib/gcc/avr/4.3.3/avr5\libgcc.a(_mul_sf.o)
 .data          0x008000e3        0x0 e:/program/tools/eclipse/imt_sdk_win_64/winavr/bin/../lib/gcc/avr/4.3.3/avr5\libgcc.a(_div_sf.o)
 .data          0x008000e3        0x0 e:/program/tools/eclipse/imt_sdk_win_64/winavr/bin/../lib/gcc/avr/4.3.3/avr5\libgcc.a(_gt_sf.o)
 .data          0x008000e3        0x0 e:/program/tools/eclipse/imt_sdk_win_64/winavr/bin/../lib/gcc/avr/4.3.3/avr5\libgcc.a(_ge_sf.o)
 .data          0x008000e3        0x0 e:/program/tools/eclipse/imt_sdk_win_64/winavr/bin/../lib/gcc/avr/4.3.3/avr5\libgcc.a(_lt_sf.o)
 .data          0x008000e3        0x0 e:/program/tools/eclipse/imt_sdk_win_64/winavr/bin/../lib/gcc/avr/4.3.3/avr5\libgcc.a(_sf_to_si.o)
 .data          0x008000e3        0x8 e:/program/tools/eclipse/imt_sdk_win_64/winavr/bin/../lib/gcc/avr/4.3.3/avr5\libgcc.a(_thenan_sf.o)
                0x008000e3                __thenan_sf
 .data          0x008000eb        0x0 e:/program/tools/eclipse/imt_sdk_win_64/winavr/bin/../lib/gcc/avr/4.3.3/avr5\libgcc.a(_usi_to_sf.o)
 .data          0x008000eb        0x0 e:/program/tools/eclipse/imt_sdk_win_64/winavr/bin/../lib/gcc/avr/4.3.3/avr5\libgcc.a(_prologue.o)
 .data          0x008000eb        0x0 e:/program/tools/eclipse/imt_sdk_win_64/winavr/bin/../lib/gcc/avr/4.3.3/avr5\libgcc.a(_epilogue.o)
 .data          0x008000eb        0x0 e:/program/tools/eclipse/imt_sdk_win_64/winavr/bin/../lib/gcc/avr/4.3.3/avr5\libgcc.a(_clzsi2.o)
 .data          0x008000eb        0x0 e:/program/tools/eclipse/imt_sdk_win_64/winavr/bin/../lib/gcc/avr/4.3.3/avr5\libgcc.a(_pack_sf.o)
 .data          0x008000eb        0x0 e:/program/tools/eclipse/imt_sdk_win_64/winavr/bin/../lib/gcc/avr/4.3.3/avr5\libgcc.a(_unpack_sf.o)
 .data          0x008000eb        0x0 e:/program/tools/eclipse/imt_sdk_win_64/winavr/bin/../lib/gcc/avr/4.3.3/avr5\libgcc.a(_fpcmp_parts_sf.o)
 .data          0x008000eb      0x100 e:/program/tools/eclipse/imt_sdk_win_64/winavr/bin/../lib/gcc/avr/4.3.3/avr5\libgcc.a(_clz.o)
                0x008000eb                __clz_tab
 .data          0x008001eb        0x0 e:/program/tools/eclipse/imt_sdk_win_64/winavr/bin/../lib/gcc/avr/4.3.3/../../../../avr/lib/avr5\libc.a(memcpy.o)
 .data          0x008001eb        0x0 e:/program/tools/eclipse/imt_sdk_win_64/winavr/bin/../lib/gcc/avr/4.3.3/../../../../avr/lib/avr5\libc.a(strcmp.o)
 *(.data*)
 .data.xFreeBytesRemaining
                0x008001eb        0x2 ./freeRtos/heap_2.o
 .data.USER_NAME
                0x008001ed        0x2 ./Application/App.o
                0x008001ed                USER_NAME
 .data.USER_PASS
                0x008001ef        0x2 ./Application/App.o
                0x008001ef                USER_PASS
 .data.String   0x008001f1       0x58 ./Application/App.o
                0x008001f1                String
 *(.rodata)
 *(.rodata*)
 .rodata.heapSTRUCT_SIZE
                0x00800249        0x2 ./freeRtos/heap_2.o
 *(.gnu.linkonce.d*)
                0x0080024c                . = ALIGN (0x2)
 *fill*         0x0080024b        0x1 00
                0x0080024c                _edata = .
                0x0080024c                PROVIDE (__data_end, .)

.bss            0x0080024c      0x460
                0x0080024c                PROVIDE (__bss_start, .)
 *(.bss)
 .bss           0x0080024c        0x0 e:/program/tools/eclipse/imt_sdk_win_64/winavr/bin/../lib/gcc/avr/4.3.3/../../../../avr/lib/avr5/crtm32.o
 .bss           0x0080024c        0x0 ./freeRtos/heap_2.o
 .bss           0x0080024c        0x0 ./freeRtos/list.o
 .bss           0x0080024c        0x0 ./freeRtos/port.o
 .bss           0x0080024c        0x0 ./freeRtos/queue.o
 .bss           0x0080024c        0x0 ./freeRtos/tasks.o
 .bss           0x0080024c        0x0 ./MCAL/UART/USART_program.o
 .bss           0x0080024c        0x0 ./MCAL/Timer2/Timer2.o
 .bss           0x0080024c        0x0 ./MCAL/I2C/I2C.o
 .bss           0x0080024c        0x0 ./MCAL/GIE/GIE.o
 .bss           0x0080024c        0x0 ./MCAL/DIO/DIO_Program.o
 .bss           0x0080024c        0x0 ./MCAL/ADC/ADC.o
 .bss           0x0080024c        0x0 ./HAL/LM35/LM35.o
 .bss           0x0080024c        0x0 ./HAL/LCD/LCD_prog.o
 .bss           0x0080024c        0x0 ./HAL/EEPROM/EEPROM.o
 .bss           0x0080024c        0x0 ./Application/App.o
 .bss           0x0080024c        0x0 ./main.o
 .bss           0x0080024c        0x0 e:/program/tools/eclipse/imt_sdk_win_64/winavr/bin/../lib/gcc/avr/4.3.3/avr5\libgcc.a(_udivmodsi4.o)
 .bss           0x0080024c        0x0 e:/program/tools/eclipse/imt_sdk_win_64/winavr/bin/../lib/gcc/avr/4.3.3/avr5\libgcc.a(_exit.o)
 .bss           0x0080024c        0x0 e:/program/tools/eclipse/imt_sdk_win_64/winavr/bin/../lib/gcc/avr/4.3.3/avr5\libgcc.a(_copy_data.o)
 .bss           0x0080024c        0x0 e:/program/tools/eclipse/imt_sdk_win_64/winavr/bin/../lib/gcc/avr/4.3.3/avr5\libgcc.a(_clear_bss.o)
 .bss           0x0080024c        0x0 e:/program/tools/eclipse/imt_sdk_win_64/winavr/bin/../lib/gcc/avr/4.3.3/avr5\libgcc.a(_fixunssfsi.o)
 .bss           0x0080024c        0x0 e:/program/tools/eclipse/imt_sdk_win_64/winavr/bin/../lib/gcc/avr/4.3.3/avr5\libgcc.a(_addsub_sf.o)
 .bss           0x0080024c        0x0 e:/program/tools/eclipse/imt_sdk_win_64/winavr/bin/../lib/gcc/avr/4.3.3/avr5\libgcc.a(_mul_sf.o)
 .bss           0x0080024c        0x0 e:/program/tools/eclipse/imt_sdk_win_64/winavr/bin/../lib/gcc/avr/4.3.3/avr5\libgcc.a(_div_sf.o)
 .bss           0x0080024c        0x0 e:/program/tools/eclipse/imt_sdk_win_64/winavr/bin/../lib/gcc/avr/4.3.3/avr5\libgcc.a(_gt_sf.o)
 .bss           0x0080024c        0x0 e:/program/tools/eclipse/imt_sdk_win_64/winavr/bin/../lib/gcc/avr/4.3.3/avr5\libgcc.a(_ge_sf.o)
 .bss           0x0080024c        0x0 e:/program/tools/eclipse/imt_sdk_win_64/winavr/bin/../lib/gcc/avr/4.3.3/avr5\libgcc.a(_lt_sf.o)
 .bss           0x0080024c        0x0 e:/program/tools/eclipse/imt_sdk_win_64/winavr/bin/../lib/gcc/avr/4.3.3/avr5\libgcc.a(_sf_to_si.o)
 .bss           0x0080024c        0x0 e:/program/tools/eclipse/imt_sdk_win_64/winavr/bin/../lib/gcc/avr/4.3.3/avr5\libgcc.a(_thenan_sf.o)
 .bss           0x0080024c        0x0 e:/program/tools/eclipse/imt_sdk_win_64/winavr/bin/../lib/gcc/avr/4.3.3/avr5\libgcc.a(_usi_to_sf.o)
 .bss           0x0080024c        0x0 e:/program/tools/eclipse/imt_sdk_win_64/winavr/bin/../lib/gcc/avr/4.3.3/avr5\libgcc.a(_prologue.o)
 .bss           0x0080024c        0x0 e:/program/tools/eclipse/imt_sdk_win_64/winavr/bin/../lib/gcc/avr/4.3.3/avr5\libgcc.a(_epilogue.o)
 .bss           0x0080024c        0x0 e:/program/tools/eclipse/imt_sdk_win_64/winavr/bin/../lib/gcc/avr/4.3.3/avr5\libgcc.a(_clzsi2.o)
 .bss           0x0080024c        0x0 e:/program/tools/eclipse/imt_sdk_win_64/winavr/bin/../lib/gcc/avr/4.3.3/avr5\libgcc.a(_pack_sf.o)
 .bss           0x0080024c        0x0 e:/program/tools/eclipse/imt_sdk_win_64/winavr/bin/../lib/gcc/avr/4.3.3/avr5\libgcc.a(_unpack_sf.o)
 .bss           0x0080024c        0x0 e:/program/tools/eclipse/imt_sdk_win_64/winavr/bin/../lib/gcc/avr/4.3.3/avr5\libgcc.a(_fpcmp_parts_sf.o)
 .bss           0x0080024c        0x0 e:/program/tools/eclipse/imt_sdk_win_64/winavr/bin/../lib/gcc/avr/4.3.3/avr5\libgcc.a(_clz.o)
 .bss           0x0080024c        0x0 e:/program/tools/eclipse/imt_sdk_win_64/winavr/bin/../lib/gcc/avr/4.3.3/../../../../avr/lib/avr5\libc.a(memcpy.o)
 .bss           0x0080024c        0x0 e:/program/tools/eclipse/imt_sdk_win_64/winavr/bin/../lib/gcc/avr/4.3.3/../../../../avr/lib/avr5\libc.a(strcmp.o)
 *(.bss*)
 .bss.xHeapHasBeenInitialised.1640
                0x0080024c        0x1 ./freeRtos/heap_2.o
 .bss.ucHeap    0x0080024d      0x3e8 ./freeRtos/heap_2.o
 .bss.xStart    0x00800635        0x4 ./freeRtos/heap_2.o
 .bss.xEnd      0x00800639        0x4 ./freeRtos/heap_2.o
 .bss.pxCurrentTCB
                0x0080063d        0x2 ./freeRtos/tasks.o
                0x0080063d                pxCurrentTCB
 .bss.uxDeletedTasksWaitingCleanUp
                0x0080063f        0x1 ./freeRtos/tasks.o
 .bss.uxCurrentNumberOfTasks
                0x00800640        0x1 ./freeRtos/tasks.o
 .bss.xTickCount
                0x00800641        0x2 ./freeRtos/tasks.o
 .bss.uxTopReadyPriority
                0x00800643        0x1 ./freeRtos/tasks.o
 .bss.xSchedulerRunning
                0x00800644        0x1 ./freeRtos/tasks.o
 .bss.uxPendedTicks
                0x00800645        0x1 ./freeRtos/tasks.o
 .bss.xYieldPending
                0x00800646        0x1 ./freeRtos/tasks.o
 .bss.xNumOfOverflows
                0x00800647        0x1 ./freeRtos/tasks.o
 .bss.uxTaskNumber
                0x00800648        0x1 ./freeRtos/tasks.o
 .bss.xNextTaskUnblockTime
                0x00800649        0x2 ./freeRtos/tasks.o
 .bss.xIdleTaskHandle
                0x0080064b        0x2 ./freeRtos/tasks.o
 .bss.uxSchedulerSuspended
                0x0080064d        0x1 ./freeRtos/tasks.o
 .bss.pxReadyTasksLists
                0x0080064e       0x1b ./freeRtos/tasks.o
 .bss.xDelayedTaskList1
                0x00800669        0x9 ./freeRtos/tasks.o
 .bss.xDelayedTaskList2
                0x00800672        0x9 ./freeRtos/tasks.o
 .bss.pxDelayedTaskList
                0x0080067b        0x2 ./freeRtos/tasks.o
 .bss.pxOverflowDelayedTaskList
                0x0080067d        0x2 ./freeRtos/tasks.o
 .bss.xPendingReadyList
                0x0080067f        0x9 ./freeRtos/tasks.o
 .bss.xTasksWaitingTermination
                0x00800688        0x9 ./freeRtos/tasks.o
 .bss.xSuspendedTaskList
                0x00800691        0x9 ./freeRtos/tasks.o
 .bss.ADCINT_pfCall
                0x0080069a        0x2 ./MCAL/ADC/ADC.o
                0x0080069a                ADCINT_pfCall
 .bss.vtask_Fan
                0x0080069c        0x2 ./Application/App.o
                0x0080069c                vtask_Fan
 .bss.vtask_LM35
                0x0080069e        0x2 ./Application/App.o
                0x0080069e                vtask_LM35
 .bss.vtask_Login
                0x008006a0        0x2 ./Application/App.o
                0x008006a0                vtask_Login
 .bss.LCD_Semaphore
                0x008006a2        0x2 ./Application/App.o
                0x008006a2                LCD_Semaphore
 *(COMMON)
 COMMON         0x008006a4        0x4 ./MCAL/Timer2/Timer2.o
                0x008006a4                TIM2_pfCmpCallBack
                0x008006a6                TIM2_pfOVFCallBack
 COMMON         0x008006a8        0x2 ./MCAL/ADC/ADC.o
                0x008006a8                ADC_uint16ReadVal
 COMMON         0x008006aa        0x2 ./Application/App.o
                0x008006aa                Queue_LM35
                0x008006ac                PROVIDE (__bss_end, .)
                0x00006718                __data_load_start = LOADADDR (.data)
                0x00006904                __data_load_end = (__data_load_start + SIZEOF (.data))

.noinit         0x008006ac        0x0
                0x008006ac                PROVIDE (__noinit_start, .)
 *(.noinit*)
                0x008006ac                PROVIDE (__noinit_end, .)
                0x008006ac                _end = .
                0x008006ac                PROVIDE (__heap_start, .)

.eeprom         0x00810000        0x0
 *(.eeprom*)
                0x00810000                __eeprom_end = .

.fuse
 *(.fuse)
 *(.lfuse)
 *(.hfuse)
 *(.efuse)

.lock
 *(.lock*)

.signature
 *(.signature*)

.stab           0x00000000     0x94c8
 *(.stab)
 .stab          0x00000000      0xa44 ./freeRtos/heap_2.o
 .stab          0x00000a44      0x474 ./freeRtos/list.o
                                0x834 (size before relaxing)
 .stab          0x00000eb8      0x840 ./freeRtos/port.o
                                0xcc0 (size before relaxing)
 .stab          0x000016f8     0x1758 ./freeRtos/queue.o
                               0x1be4 (size before relaxing)
 .stab          0x00002e50     0x2814 ./freeRtos/tasks.o
                               0x2ca0 (size before relaxing)
 .stab          0x00005664      0x540 ./MCAL/UART/USART_program.o
                                0x6cc (size before relaxing)
 .stab          0x00005ba4      0x54c ./MCAL/Timer2/Timer2.o
                                0x558 (size before relaxing)
 .stab          0x000060f0      0x3b4 ./MCAL/I2C/I2C.o
                                0x3c0 (size before relaxing)
 .stab          0x000064a4      0x1f8 ./MCAL/GIE/GIE.o
                                0x204 (size before relaxing)
 .stab          0x0000669c      0x7ec ./MCAL/DIO/DIO_Program.o
                                0x7f8 (size before relaxing)
 .stab          0x00006e88      0x528 ./MCAL/ADC/ADC.o
                                0x534 (size before relaxing)
 .stab          0x000073b0      0x258 ./HAL/LM35/LM35.o
                                0x264 (size before relaxing)
 .stab          0x00007608      0x864 ./HAL/LCD/LCD_prog.o
                                0x9fc (size before relaxing)
 .stab          0x00007e6c      0x39c ./HAL/EEPROM/EEPROM.o
                                0x3a8 (size before relaxing)
 .stab          0x00008208     0x10d4 ./Application/App.o
                               0x12cc (size before relaxing)
 .stab          0x000092dc      0x1ec ./main.o
                                0x1f8 (size before relaxing)

.stabstr        0x00000000     0x544e
 *(.stabstr)
 .stabstr       0x00000000     0x544e ./freeRtos/heap_2.o

.stab.excl
 *(.stab.excl)

.stab.exclstr
 *(.stab.exclstr)

.stab.index
 *(.stab.index)

.stab.indexstr
 *(.stab.indexstr)

.comment
 *(.comment)

.debug
 *(.debug)

.line
 *(.line)

.debug_srcinfo
 *(.debug_srcinfo)

.debug_sfnames
 *(.debug_sfnames)

.debug_aranges  0x00000000      0x1a0
 *(.debug_aranges)
 .debug_aranges
                0x00000000       0x20 e:/program/tools/eclipse/imt_sdk_win_64/winavr/bin/../lib/gcc/avr/4.3.3/avr5\libgcc.a(_fixunssfsi.o)
 .debug_aranges
                0x00000020       0x20 e:/program/tools/eclipse/imt_sdk_win_64/winavr/bin/../lib/gcc/avr/4.3.3/avr5\libgcc.a(_addsub_sf.o)
 .debug_aranges
                0x00000040       0x20 e:/program/tools/eclipse/imt_sdk_win_64/winavr/bin/../lib/gcc/avr/4.3.3/avr5\libgcc.a(_mul_sf.o)
 .debug_aranges
                0x00000060       0x20 e:/program/tools/eclipse/imt_sdk_win_64/winavr/bin/../lib/gcc/avr/4.3.3/avr5\libgcc.a(_div_sf.o)
 .debug_aranges
                0x00000080       0x20 e:/program/tools/eclipse/imt_sdk_win_64/winavr/bin/../lib/gcc/avr/4.3.3/avr5\libgcc.a(_gt_sf.o)
 .debug_aranges
                0x000000a0       0x20 e:/program/tools/eclipse/imt_sdk_win_64/winavr/bin/../lib/gcc/avr/4.3.3/avr5\libgcc.a(_ge_sf.o)
 .debug_aranges
                0x000000c0       0x20 e:/program/tools/eclipse/imt_sdk_win_64/winavr/bin/../lib/gcc/avr/4.3.3/avr5\libgcc.a(_lt_sf.o)
 .debug_aranges
                0x000000e0       0x20 e:/program/tools/eclipse/imt_sdk_win_64/winavr/bin/../lib/gcc/avr/4.3.3/avr5\libgcc.a(_sf_to_si.o)
 .debug_aranges
                0x00000100       0x20 e:/program/tools/eclipse/imt_sdk_win_64/winavr/bin/../lib/gcc/avr/4.3.3/avr5\libgcc.a(_usi_to_sf.o)
 .debug_aranges
                0x00000120       0x20 e:/program/tools/eclipse/imt_sdk_win_64/winavr/bin/../lib/gcc/avr/4.3.3/avr5\libgcc.a(_clzsi2.o)
 .debug_aranges
                0x00000140       0x20 e:/program/tools/eclipse/imt_sdk_win_64/winavr/bin/../lib/gcc/avr/4.3.3/avr5\libgcc.a(_pack_sf.o)
 .debug_aranges
                0x00000160       0x20 e:/program/tools/eclipse/imt_sdk_win_64/winavr/bin/../lib/gcc/avr/4.3.3/avr5\libgcc.a(_unpack_sf.o)
 .debug_aranges
                0x00000180       0x20 e:/program/tools/eclipse/imt_sdk_win_64/winavr/bin/../lib/gcc/avr/4.3.3/avr5\libgcc.a(_fpcmp_parts_sf.o)

.debug_pubnames
                0x00000000      0x1f2
 *(.debug_pubnames)
 .debug_pubnames
                0x00000000       0x23 e:/program/tools/eclipse/imt_sdk_win_64/winavr/bin/../lib/gcc/avr/4.3.3/avr5\libgcc.a(_fixunssfsi.o)
 .debug_pubnames
                0x00000023       0x2c e:/program/tools/eclipse/imt_sdk_win_64/winavr/bin/../lib/gcc/avr/4.3.3/avr5\libgcc.a(_addsub_sf.o)
 .debug_pubnames
                0x0000004f       0x1f e:/program/tools/eclipse/imt_sdk_win_64/winavr/bin/../lib/gcc/avr/4.3.3/avr5\libgcc.a(_mul_sf.o)
 .debug_pubnames
                0x0000006e       0x1f e:/program/tools/eclipse/imt_sdk_win_64/winavr/bin/../lib/gcc/avr/4.3.3/avr5\libgcc.a(_div_sf.o)
 .debug_pubnames
                0x0000008d       0x1e e:/program/tools/eclipse/imt_sdk_win_64/winavr/bin/../lib/gcc/avr/4.3.3/avr5\libgcc.a(_gt_sf.o)
 .debug_pubnames
                0x000000ab       0x1e e:/program/tools/eclipse/imt_sdk_win_64/winavr/bin/../lib/gcc/avr/4.3.3/avr5\libgcc.a(_ge_sf.o)
 .debug_pubnames
                0x000000c9       0x1e e:/program/tools/eclipse/imt_sdk_win_64/winavr/bin/../lib/gcc/avr/4.3.3/avr5\libgcc.a(_lt_sf.o)
 .debug_pubnames
                0x000000e7       0x20 e:/program/tools/eclipse/imt_sdk_win_64/winavr/bin/../lib/gcc/avr/4.3.3/avr5\libgcc.a(_sf_to_si.o)
 .debug_pubnames
                0x00000107       0x22 e:/program/tools/eclipse/imt_sdk_win_64/winavr/bin/../lib/gcc/avr/4.3.3/avr5\libgcc.a(_thenan_sf.o)
 .debug_pubnames
                0x00000129       0x24 e:/program/tools/eclipse/imt_sdk_win_64/winavr/bin/../lib/gcc/avr/4.3.3/avr5\libgcc.a(_usi_to_sf.o)
 .debug_pubnames
                0x0000014d       0x1f e:/program/tools/eclipse/imt_sdk_win_64/winavr/bin/../lib/gcc/avr/4.3.3/avr5\libgcc.a(_clzsi2.o)
 .debug_pubnames
                0x0000016c       0x1f e:/program/tools/eclipse/imt_sdk_win_64/winavr/bin/../lib/gcc/avr/4.3.3/avr5\libgcc.a(_pack_sf.o)
 .debug_pubnames
                0x0000018b       0x21 e:/program/tools/eclipse/imt_sdk_win_64/winavr/bin/../lib/gcc/avr/4.3.3/avr5\libgcc.a(_unpack_sf.o)
 .debug_pubnames
                0x000001ac       0x26 e:/program/tools/eclipse/imt_sdk_win_64/winavr/bin/../lib/gcc/avr/4.3.3/avr5\libgcc.a(_fpcmp_parts_sf.o)
 .debug_pubnames
                0x000001d2       0x20 e:/program/tools/eclipse/imt_sdk_win_64/winavr/bin/../lib/gcc/avr/4.3.3/avr5\libgcc.a(_clz.o)

.debug_info     0x00000000     0x240b
 *(.debug_info)
 .debug_info    0x00000000       0xb1 e:/program/tools/eclipse/imt_sdk_win_64/winavr/bin/../lib/gcc/avr/4.3.3/avr5\libgcc.a(_fixunssfsi.o)
 .debug_info    0x000000b1      0x47a e:/program/tools/eclipse/imt_sdk_win_64/winavr/bin/../lib/gcc/avr/4.3.3/avr5\libgcc.a(_addsub_sf.o)
 .debug_info    0x0000052b      0x485 e:/program/tools/eclipse/imt_sdk_win_64/winavr/bin/../lib/gcc/avr/4.3.3/avr5\libgcc.a(_mul_sf.o)
 .debug_info    0x000009b0      0x3fc e:/program/tools/eclipse/imt_sdk_win_64/winavr/bin/../lib/gcc/avr/4.3.3/avr5\libgcc.a(_div_sf.o)
 .debug_info    0x00000dac      0x27f e:/program/tools/eclipse/imt_sdk_win_64/winavr/bin/../lib/gcc/avr/4.3.3/avr5\libgcc.a(_gt_sf.o)
 .debug_info    0x0000102b      0x27f e:/program/tools/eclipse/imt_sdk_win_64/winavr/bin/../lib/gcc/avr/4.3.3/avr5\libgcc.a(_ge_sf.o)
 .debug_info    0x000012aa      0x27f e:/program/tools/eclipse/imt_sdk_win_64/winavr/bin/../lib/gcc/avr/4.3.3/avr5\libgcc.a(_lt_sf.o)
 .debug_info    0x00001529      0x2b0 e:/program/tools/eclipse/imt_sdk_win_64/winavr/bin/../lib/gcc/avr/4.3.3/avr5\libgcc.a(_sf_to_si.o)
 .debug_info    0x000017d9      0x12c e:/program/tools/eclipse/imt_sdk_win_64/winavr/bin/../lib/gcc/avr/4.3.3/avr5\libgcc.a(_thenan_sf.o)
 .debug_info    0x00001905      0x206 e:/program/tools/eclipse/imt_sdk_win_64/winavr/bin/../lib/gcc/avr/4.3.3/avr5\libgcc.a(_usi_to_sf.o)
 .debug_info    0x00001b0b      0x117 e:/program/tools/eclipse/imt_sdk_win_64/winavr/bin/../lib/gcc/avr/4.3.3/avr5\libgcc.a(_clzsi2.o)
 .debug_info    0x00001c22      0x2df e:/program/tools/eclipse/imt_sdk_win_64/winavr/bin/../lib/gcc/avr/4.3.3/avr5\libgcc.a(_pack_sf.o)
 .debug_info    0x00001f01      0x251 e:/program/tools/eclipse/imt_sdk_win_64/winavr/bin/../lib/gcc/avr/4.3.3/avr5\libgcc.a(_unpack_sf.o)
 .debug_info    0x00002152      0x210 e:/program/tools/eclipse/imt_sdk_win_64/winavr/bin/../lib/gcc/avr/4.3.3/avr5\libgcc.a(_fpcmp_parts_sf.o)
 .debug_info    0x00002362       0xa9 e:/program/tools/eclipse/imt_sdk_win_64/winavr/bin/../lib/gcc/avr/4.3.3/avr5\libgcc.a(_clz.o)
 *(.gnu.linkonce.wi.*)

.debug_abbrev   0x00000000     0x1386
 *(.debug_abbrev)
 .debug_abbrev  0x00000000       0x5d e:/program/tools/eclipse/imt_sdk_win_64/winavr/bin/../lib/gcc/avr/4.3.3/avr5\libgcc.a(_fixunssfsi.o)
 .debug_abbrev  0x0000005d      0x1ea e:/program/tools/eclipse/imt_sdk_win_64/winavr/bin/../lib/gcc/avr/4.3.3/avr5\libgcc.a(_addsub_sf.o)
 .debug_abbrev  0x00000247      0x21b e:/program/tools/eclipse/imt_sdk_win_64/winavr/bin/../lib/gcc/avr/4.3.3/avr5\libgcc.a(_mul_sf.o)
 .debug_abbrev  0x00000462      0x216 e:/program/tools/eclipse/imt_sdk_win_64/winavr/bin/../lib/gcc/avr/4.3.3/avr5\libgcc.a(_div_sf.o)
 .debug_abbrev  0x00000678      0x15a e:/program/tools/eclipse/imt_sdk_win_64/winavr/bin/../lib/gcc/avr/4.3.3/avr5\libgcc.a(_gt_sf.o)
 .debug_abbrev  0x000007d2      0x15a e:/program/tools/eclipse/imt_sdk_win_64/winavr/bin/../lib/gcc/avr/4.3.3/avr5\libgcc.a(_ge_sf.o)
 .debug_abbrev  0x0000092c      0x15a e:/program/tools/eclipse/imt_sdk_win_64/winavr/bin/../lib/gcc/avr/4.3.3/avr5\libgcc.a(_lt_sf.o)
 .debug_abbrev  0x00000a86      0x17f e:/program/tools/eclipse/imt_sdk_win_64/winavr/bin/../lib/gcc/avr/4.3.3/avr5\libgcc.a(_sf_to_si.o)
 .debug_abbrev  0x00000c05       0xad e:/program/tools/eclipse/imt_sdk_win_64/winavr/bin/../lib/gcc/avr/4.3.3/avr5\libgcc.a(_thenan_sf.o)
 .debug_abbrev  0x00000cb2      0x157 e:/program/tools/eclipse/imt_sdk_win_64/winavr/bin/../lib/gcc/avr/4.3.3/avr5\libgcc.a(_usi_to_sf.o)
 .debug_abbrev  0x00000e09       0xc4 e:/program/tools/eclipse/imt_sdk_win_64/winavr/bin/../lib/gcc/avr/4.3.3/avr5\libgcc.a(_clzsi2.o)
 .debug_abbrev  0x00000ecd      0x1c0 e:/program/tools/eclipse/imt_sdk_win_64/winavr/bin/../lib/gcc/avr/4.3.3/avr5\libgcc.a(_pack_sf.o)
 .debug_abbrev  0x0000108d      0x154 e:/program/tools/eclipse/imt_sdk_win_64/winavr/bin/../lib/gcc/avr/4.3.3/avr5\libgcc.a(_unpack_sf.o)
 .debug_abbrev  0x000011e1      0x13b e:/program/tools/eclipse/imt_sdk_win_64/winavr/bin/../lib/gcc/avr/4.3.3/avr5\libgcc.a(_fpcmp_parts_sf.o)
 .debug_abbrev  0x0000131c       0x6a e:/program/tools/eclipse/imt_sdk_win_64/winavr/bin/../lib/gcc/avr/4.3.3/avr5\libgcc.a(_clz.o)

.debug_line     0x00000000     0x11d6
 *(.debug_line)
 .debug_line    0x00000000       0xa7 e:/program/tools/eclipse/imt_sdk_win_64/winavr/bin/../lib/gcc/avr/4.3.3/avr5\libgcc.a(_fixunssfsi.o)
 .debug_line    0x000000a7      0x2af e:/program/tools/eclipse/imt_sdk_win_64/winavr/bin/../lib/gcc/avr/4.3.3/avr5\libgcc.a(_addsub_sf.o)
 .debug_line    0x00000356      0x239 e:/program/tools/eclipse/imt_sdk_win_64/winavr/bin/../lib/gcc/avr/4.3.3/avr5\libgcc.a(_mul_sf.o)
 .debug_line    0x0000058f      0x1d5 e:/program/tools/eclipse/imt_sdk_win_64/winavr/bin/../lib/gcc/avr/4.3.3/avr5\libgcc.a(_div_sf.o)
 .debug_line    0x00000764       0xd3 e:/program/tools/eclipse/imt_sdk_win_64/winavr/bin/../lib/gcc/avr/4.3.3/avr5\libgcc.a(_gt_sf.o)
 .debug_line    0x00000837       0xd3 e:/program/tools/eclipse/imt_sdk_win_64/winavr/bin/../lib/gcc/avr/4.3.3/avr5\libgcc.a(_ge_sf.o)
 .debug_line    0x0000090a       0xd3 e:/program/tools/eclipse/imt_sdk_win_64/winavr/bin/../lib/gcc/avr/4.3.3/avr5\libgcc.a(_lt_sf.o)
 .debug_line    0x000009dd      0x109 e:/program/tools/eclipse/imt_sdk_win_64/winavr/bin/../lib/gcc/avr/4.3.3/avr5\libgcc.a(_sf_to_si.o)
 .debug_line    0x00000ae6       0x90 e:/program/tools/eclipse/imt_sdk_win_64/winavr/bin/../lib/gcc/avr/4.3.3/avr5\libgcc.a(_thenan_sf.o)
 .debug_line    0x00000b76      0x133 e:/program/tools/eclipse/imt_sdk_win_64/winavr/bin/../lib/gcc/avr/4.3.3/avr5\libgcc.a(_usi_to_sf.o)
 .debug_line    0x00000ca9       0xa5 e:/program/tools/eclipse/imt_sdk_win_64/winavr/bin/../lib/gcc/avr/4.3.3/avr5\libgcc.a(_clzsi2.o)
 .debug_line    0x00000d4e      0x18a e:/program/tools/eclipse/imt_sdk_win_64/winavr/bin/../lib/gcc/avr/4.3.3/avr5\libgcc.a(_pack_sf.o)
 .debug_line    0x00000ed8      0x14b e:/program/tools/eclipse/imt_sdk_win_64/winavr/bin/../lib/gcc/avr/4.3.3/avr5\libgcc.a(_unpack_sf.o)
 .debug_line    0x00001023      0x137 e:/program/tools/eclipse/imt_sdk_win_64/winavr/bin/../lib/gcc/avr/4.3.3/avr5\libgcc.a(_fpcmp_parts_sf.o)
 .debug_line    0x0000115a       0x7c e:/program/tools/eclipse/imt_sdk_win_64/winavr/bin/../lib/gcc/avr/4.3.3/avr5\libgcc.a(_clz.o)

.debug_frame    0x00000000      0x1c0
 *(.debug_frame)
 .debug_frame   0x00000000       0x20 e:/program/tools/eclipse/imt_sdk_win_64/winavr/bin/../lib/gcc/avr/4.3.3/avr5\libgcc.a(_fixunssfsi.o)
 .debug_frame   0x00000020       0x40 e:/program/tools/eclipse/imt_sdk_win_64/winavr/bin/../lib/gcc/avr/4.3.3/avr5\libgcc.a(_addsub_sf.o)
 .debug_frame   0x00000060       0x20 e:/program/tools/eclipse/imt_sdk_win_64/winavr/bin/../lib/gcc/avr/4.3.3/avr5\libgcc.a(_mul_sf.o)
 .debug_frame   0x00000080       0x20 e:/program/tools/eclipse/imt_sdk_win_64/winavr/bin/../lib/gcc/avr/4.3.3/avr5\libgcc.a(_div_sf.o)
 .debug_frame   0x000000a0       0x20 e:/program/tools/eclipse/imt_sdk_win_64/winavr/bin/../lib/gcc/avr/4.3.3/avr5\libgcc.a(_gt_sf.o)
 .debug_frame   0x000000c0       0x20 e:/program/tools/eclipse/imt_sdk_win_64/winavr/bin/../lib/gcc/avr/4.3.3/avr5\libgcc.a(_ge_sf.o)
 .debug_frame   0x000000e0       0x20 e:/program/tools/eclipse/imt_sdk_win_64/winavr/bin/../lib/gcc/avr/4.3.3/avr5\libgcc.a(_lt_sf.o)
 .debug_frame   0x00000100       0x20 e:/program/tools/eclipse/imt_sdk_win_64/winavr/bin/../lib/gcc/avr/4.3.3/avr5\libgcc.a(_sf_to_si.o)
 .debug_frame   0x00000120       0x20 e:/program/tools/eclipse/imt_sdk_win_64/winavr/bin/../lib/gcc/avr/4.3.3/avr5\libgcc.a(_usi_to_sf.o)
 .debug_frame   0x00000140       0x20 e:/program/tools/eclipse/imt_sdk_win_64/winavr/bin/../lib/gcc/avr/4.3.3/avr5\libgcc.a(_clzsi2.o)
 .debug_frame   0x00000160       0x20 e:/program/tools/eclipse/imt_sdk_win_64/winavr/bin/../lib/gcc/avr/4.3.3/avr5\libgcc.a(_pack_sf.o)
 .debug_frame   0x00000180       0x20 e:/program/tools/eclipse/imt_sdk_win_64/winavr/bin/../lib/gcc/avr/4.3.3/avr5\libgcc.a(_unpack_sf.o)
 .debug_frame   0x000001a0       0x20 e:/program/tools/eclipse/imt_sdk_win_64/winavr/bin/../lib/gcc/avr/4.3.3/avr5\libgcc.a(_fpcmp_parts_sf.o)

.debug_str      0x00000000      0x2f6
 *(.debug_str)
 .debug_str     0x00000000       0xbf e:/program/tools/eclipse/imt_sdk_win_64/winavr/bin/../lib/gcc/avr/4.3.3/avr5\libgcc.a(_fixunssfsi.o)
                                 0xfe (size before relaxing)
 .debug_str     0x000000bf      0x14d e:/program/tools/eclipse/imt_sdk_win_64/winavr/bin/../lib/gcc/avr/4.3.3/avr5\libgcc.a(_addsub_sf.o)
                                0x206 (size before relaxing)
 .debug_str     0x0000020c       0x27 e:/program/tools/eclipse/imt_sdk_win_64/winavr/bin/../lib/gcc/avr/4.3.3/avr5\libgcc.a(_mul_sf.o)
                                0x1bf (size before relaxing)
 .debug_str     0x00000233       0x35 e:/program/tools/eclipse/imt_sdk_win_64/winavr/bin/../lib/gcc/avr/4.3.3/avr5\libgcc.a(_div_sf.o)
                                0x1c8 (size before relaxing)
 .debug_str     0x00000268        0x8 e:/program/tools/eclipse/imt_sdk_win_64/winavr/bin/../lib/gcc/avr/4.3.3/avr5\libgcc.a(_gt_sf.o)
                                0x195 (size before relaxing)
 .debug_str     0x00000270        0x8 e:/program/tools/eclipse/imt_sdk_win_64/winavr/bin/../lib/gcc/avr/4.3.3/avr5\libgcc.a(_ge_sf.o)
                                0x195 (size before relaxing)
 .debug_str     0x00000278        0x8 e:/program/tools/eclipse/imt_sdk_win_64/winavr/bin/../lib/gcc/avr/4.3.3/avr5\libgcc.a(_lt_sf.o)
                                0x195 (size before relaxing)
 .debug_str     0x00000280        0xa e:/program/tools/eclipse/imt_sdk_win_64/winavr/bin/../lib/gcc/avr/4.3.3/avr5\libgcc.a(_sf_to_si.o)
                                0x19e (size before relaxing)
 .debug_str     0x00000000      0x103 e:/program/tools/eclipse/imt_sdk_win_64/winavr/bin/../lib/gcc/avr/4.3.3/avr5\libgcc.a(_thenan_sf.o)
 .debug_str     0x0000028a       0x21 e:/program/tools/eclipse/imt_sdk_win_64/winavr/bin/../lib/gcc/avr/4.3.3/avr5\libgcc.a(_usi_to_sf.o)
                                0x177 (size before relaxing)
 .debug_str     0x000002ab       0x20 e:/program/tools/eclipse/imt_sdk_win_64/winavr/bin/../lib/gcc/avr/4.3.3/avr5\libgcc.a(_clzsi2.o)
                                0x111 (size before relaxing)
 .debug_str     0x000002cb       0x10 e:/program/tools/eclipse/imt_sdk_win_64/winavr/bin/../lib/gcc/avr/4.3.3/avr5\libgcc.a(_pack_sf.o)
                                0x19d (size before relaxing)
 .debug_str     0x000002db        0xb e:/program/tools/eclipse/imt_sdk_win_64/winavr/bin/../lib/gcc/avr/4.3.3/avr5\libgcc.a(_unpack_sf.o)
                                0x17f (size before relaxing)
 .debug_str     0x000002e6       0x10 e:/program/tools/eclipse/imt_sdk_win_64/winavr/bin/../lib/gcc/avr/4.3.3/avr5\libgcc.a(_fpcmp_parts_sf.o)
                                0x163 (size before relaxing)
 .debug_str     0x00000000       0xf4 e:/program/tools/eclipse/imt_sdk_win_64/winavr/bin/../lib/gcc/avr/4.3.3/avr5\libgcc.a(_clz.o)

.debug_loc      0x00000000      0x96e
 *(.debug_loc)
 .debug_loc     0x00000000       0x34 e:/program/tools/eclipse/imt_sdk_win_64/winavr/bin/../lib/gcc/avr/4.3.3/avr5\libgcc.a(_fixunssfsi.o)
 .debug_loc     0x00000034      0x32a e:/program/tools/eclipse/imt_sdk_win_64/winavr/bin/../lib/gcc/avr/4.3.3/avr5\libgcc.a(_addsub_sf.o)
 .debug_loc     0x0000035e      0x104 e:/program/tools/eclipse/imt_sdk_win_64/winavr/bin/../lib/gcc/avr/4.3.3/avr5\libgcc.a(_mul_sf.o)
 .debug_loc     0x00000462       0xc0 e:/program/tools/eclipse/imt_sdk_win_64/winavr/bin/../lib/gcc/avr/4.3.3/avr5\libgcc.a(_div_sf.o)
 .debug_loc     0x00000522       0x3c e:/program/tools/eclipse/imt_sdk_win_64/winavr/bin/../lib/gcc/avr/4.3.3/avr5\libgcc.a(_gt_sf.o)
 .debug_loc     0x0000055e       0x3c e:/program/tools/eclipse/imt_sdk_win_64/winavr/bin/../lib/gcc/avr/4.3.3/avr5\libgcc.a(_ge_sf.o)
 .debug_loc     0x0000059a       0x3c e:/program/tools/eclipse/imt_sdk_win_64/winavr/bin/../lib/gcc/avr/4.3.3/avr5\libgcc.a(_lt_sf.o)
 .debug_loc     0x000005d6       0x7e e:/program/tools/eclipse/imt_sdk_win_64/winavr/bin/../lib/gcc/avr/4.3.3/avr5\libgcc.a(_sf_to_si.o)
 .debug_loc     0x00000654       0x4c e:/program/tools/eclipse/imt_sdk_win_64/winavr/bin/../lib/gcc/avr/4.3.3/avr5\libgcc.a(_usi_to_sf.o)
 .debug_loc     0x000006a0       0x94 e:/program/tools/eclipse/imt_sdk_win_64/winavr/bin/../lib/gcc/avr/4.3.3/avr5\libgcc.a(_clzsi2.o)
 .debug_loc     0x00000734      0x13e e:/program/tools/eclipse/imt_sdk_win_64/winavr/bin/../lib/gcc/avr/4.3.3/avr5\libgcc.a(_pack_sf.o)
 .debug_loc     0x00000872       0xac e:/program/tools/eclipse/imt_sdk_win_64/winavr/bin/../lib/gcc/avr/4.3.3/avr5\libgcc.a(_unpack_sf.o)
 .debug_loc     0x0000091e       0x50 e:/program/tools/eclipse/imt_sdk_win_64/winavr/bin/../lib/gcc/avr/4.3.3/avr5\libgcc.a(_fpcmp_parts_sf.o)

.debug_macinfo
 *(.debug_macinfo)
OUTPUT(freeRTOS.elf elf32-avr)
LOAD linker stubs

.debug_ranges   0x00000000       0x50
 .debug_ranges  0x00000000       0x50 e:/program/tools/eclipse/imt_sdk_win_64/winavr/bin/../lib/gcc/avr/4.3.3/avr5\libgcc.a(_mul_sf.o)
